 <141961755148259168> 10/06/2025 15:58:55.288     [Error  ] - EndTaskRequest(): Error: "The startup program is not found or it is not specified correctly" (-277) : " [WebC session started.]" ("GimpiesWeb")  (msgid "244")
 <158764930142078624> 10/06/2025 15:58:58.349     [Error  ] - EndTaskRequest(): Error: "The startup program is not found or it is not specified correctly" (-277) : " [WebC session started.]" ("GimpiesWeb")  (msgid "247")
 <441849276640216512> 10/06/2025 15:59:04.674     [Error  ] - EndTaskRequest(): Error: "The startup program is not found or it is not specified correctly" (-277) : " [WebC session started.]" ("GimpiesWeb")  (msgid "250")
 <419703216522254592> 10/06/2025 16:04:05.945     [Error  ] - Aborting context 419703216522254592, Program: "Main Program".
 <516603918858191360> 10/06/2025 16:06:07.334     [Error  ] - Aborting context 516603918858191360, Program: "Main Program".
 <29420735504008148> 10/06/2025 16:10:10.672     [Error  ] - Aborting context 29420735504008148, Program: "Main Program".
 <244132955811543392> 10/06/2025 16:17:04.120     [Error  ] - Aborting context 244132955811543392, Program: "Main Program".
 <93614132929239520> 10/06/2025 16:20:08.860     [Error  ] - Aborting context 93614132929239520, Program: "Main Program".
 <447790476196132992> 10/06/2025 16:22:09.708     [Error  ] - Aborting context 447790476196132992, Program: "Main Program".
 <529783159604692224> 10/06/2025 16:23:33.332     [Error  ] - Aborting context 529783159604692224, Program: "Main Program".
 <557760383712642688> 12/06/2025 08:17:42.482     [Error  ] - EndTaskRequest(): Error: "Web client requests cannot be handled when the online MDI is open" (-276) : " [WebC session started.]" ("GimpiesWeb")  (msgid "3"), Program: "Main Program".
 <386591067631223872> 12/06/2025 08:17:53.555     [Error  ] - EndTaskRequest(): Error: "Web client requests cannot be handled when the online MDI is open" (-276) : " [WebC session started.]" ("GimpiesWeb")  (msgid "6"), Program: "Main Program".
 <198847826081027488> 12/06/2025 08:18:04.217     [Error  ] - EndTaskRequest(): Error: "Web client requests cannot be handled when the online MDI is open" (-276) : " [WebC session started.]" ("GimpiesWeb")  (msgid "9"), Program: "Main Program".
 <528144200213023168> 12/06/2025 08:18:27.468     [Error  ] - EndTaskRequest(): Error: "Web client requests cannot be handled when the online MDI is open" (-276) : " [WebC session started.]" ("GimpiesWeb")  (msgid "12"), Program: "Main Program".
 <459727042307858048> 12/06/2025 08:18:42.399     [Error  ] - EndTaskRequest(): Error: "Web client requests cannot be handled when the online MDI is open" (-276) : " [WebC session started.]" ("GimpiesWeb")  (msgid "15"), Program: "Main Program".
 <452364133974154112> 12/06/2025 08:20:55.963     [Error  ] - EndTaskRequest(): Error: "Web client requests cannot be handled when the online MDI is open" (-276) : " [WebC session started.]" ("GimpiesWeb")  (msgid "18"), Program: "Main Program".
 <188194945524529568> 12/06/2025 08:22:14.584     [Error  ] - EndTaskRequest(): Error: "Web client requests cannot be handled when the online MDI is open" (-276) : " [WebC session started.]" ("GimpiesWeb")  (msgid "21"), Program: "Main Program".
 <248626225874644800> 12/06/2025 08:23:58.807     [Error  ] - EndTaskRequest(): Error: "Web client requests cannot be handled when the online MDI is open" (-276) : " [WebC session started.]" ("GimpiesWeb")  (msgid "25"), Program: "Main Program".
 <392533972058195712> 12/06/2025 08:24:24.316     [Error  ] - EndTaskRequest(): Error: "Web client requests cannot be handled when the online MDI is open" (-276) : " [WebC session started.]" ("GimpiesWeb")  (msgid "28"), Program: "Main Program".
 <32302825157044408> 12/06/2025 08:28:56.219     [Error  ] - EndTaskRequest(): Error: "Web client requests cannot be handled when the online MDI is open" (-276) : " [WebC session started.]" ("GimpiesWeb")  (msgid "32"), Program: "Main Program".
 <167946437685312096> 12/06/2025 08:29:02.035     [Error  ] - EndTaskRequest(): Error: "Web client requests cannot be handled when the online MDI is open" (-276) : " [WebC session started.]" ("GimpiesWeb")  (msgid "35"), Program: "Main Program".
 <512467195955676416> 12/06/2025 08:31:10.615     [Error  ] - EndTaskRequest(): Error: "Web client requests cannot be handled when the online MDI is open" (-276) : " [WebC session started.]" ("GimpiesWeb")  (msgid "38"), Program: "Main Program".
 <356315639524436992> 12/06/2025 08:32:18.818     [Error  ] - EndTaskRequest(): Error: "Web client requests cannot be handled when the online MDI is open" (-276) : " [WebC session started.]" ("GimpiesWeb")  (msgid "41"), Program: "Main Program".
 <-1> 12/06/2025 08:37:45.754     [Error  ] - Error - run-time engine was not found. Please restart the studio in order to run the application
 <531030140819782144> 12/06/2025 08:39:44.854     [Error  ] - Execution Path: Routing, Program: "Routing".
 <531030140819782144> 12/06/2025 08:39:44.856     [Error  ] -  Task Name: Main Program, Tag: 2, Program: "Routing".
 <531030140819782144> 12/06/2025 08:39:44.858     [Error  ] -  Task Name: Routing, Tag: 3, Parent Tag: 2, Program: "Routing".
 <531030140819782144> 12/06/2025 08:39:44.860     [Error  ] - End Task Tree, Program: "Routing".
 <531030140819782144> 12/06/2025 08:39:44.866     [Error  ] - EndTaskRequest(): RoutingERR-THREAD-ABORTED (-139) : " [WebC session started.]" ("GimpiesWeb")  (msgid "45")
 <475926900819701056> 12/06/2025 08:40:05.320     [Error  ] - Execution Path: Routing, Program: "Routing".
 <475926900819701056> 12/06/2025 08:40:05.322     [Error  ] -  Task Name: Main Program, Tag: 2, Program: "Routing".
 <475926900819701056> 12/06/2025 08:40:05.335     [Error  ] -  Task Name: Routing, Tag: 3, Parent Tag: 2, Program: "Routing".
 <475926900819701056> 12/06/2025 08:40:05.340     [Error  ] - End Task Tree, Program: "Routing".
 <475926900819701056> 12/06/2025 08:40:05.345     [Error  ] - EndTaskRequest(): RoutingERR-THREAD-ABORTED (-139) : " [WebC session started.]" ("GimpiesWeb")  (msgid "48")
 <495525443199480832> 12/06/2025 08:40:15.606     [Error  ] - Execution Path: Routing, Program: "Routing".
 <495525443199480832> 12/06/2025 08:40:15.609     [Error  ] -  Task Name: Main Program, Tag: 2, Program: "Routing".
 <495525443199480832> 12/06/2025 08:40:15.611     [Error  ] -  Task Name: Routing, Tag: 3, Parent Tag: 2, Program: "Routing".
 <495525443199480832> 12/06/2025 08:40:15.614     [Error  ] - End Task Tree, Program: "Routing".
 <495525443199480832> 12/06/2025 08:40:15.617     [Error  ] - EndTaskRequest(): RoutingERR-THREAD-ABORTED (-139) : " [WebC session started.]" ("GimpiesWeb")  (msgid "51")
 <230038226501402848> 12/06/2025 08:41:26.335     [Error  ] - Execution Path: Routing, Program: "Routing".
 <230038226501402848> 12/06/2025 08:41:26.338     [Error  ] -  Task Name: Main Program, Tag: 2, Program: "Routing".
 <230038226501402848> 12/06/2025 08:41:26.341     [Error  ] -  Task Name: Routing, Tag: 3, Parent Tag: 2, Program: "Routing".
 <230038226501402848> 12/06/2025 08:41:26.343     [Error  ] - End Task Tree, Program: "Routing".
 <230038226501402848> 12/06/2025 08:41:26.349     [Error  ] - EndTaskRequest(): RoutingERR-THREAD-ABORTED (-139) : " [WebC session started.]" ("GimpiesWeb")  (msgid "54")
 <418322204936263168> 12/06/2025 08:41:59.384     [Error  ] - Execution Path: Routing, Program: "Routing".
 <418322204936263168> 12/06/2025 08:41:59.386     [Error  ] -  Task Name: Main Program, Tag: 2, Program: "Routing".
 <418322204936263168> 12/06/2025 08:41:59.389     [Error  ] -  Task Name: Routing, Tag: 3, Parent Tag: 2, Program: "Routing".
 <418322204936263168> 12/06/2025 08:41:59.393     [Error  ] - End Task Tree, Program: "Routing".
 <418322204936263168> 12/06/2025 08:41:59.399     [Error  ] - EndTaskRequest(): RoutingERR-THREAD-ABORTED (-139) : " [WebC session started.]" ("GimpiesWeb")  (msgid "57")
 <60743447657734296> 12/06/2025 08:49:00.434     [Error  ] - Aborting context 60743447657734296, Program: "Main Program".
 <558632811219574528> 12/06/2025 08:52:38.398     [Error  ] - Aborting context 558632811219574528, Program: "Main Program".
 <41275386505860624> 12/06/2025 08:56:24.890     [Error  ] - Aborting context 41275386505860624, Program: "Main Program".
 <88766341419579296> 12/06/2025 11:37:21.338     [Error  ] - Request's Session Counter #3 <> Server's Session Counter #4, Program: "Main Program".
 <57896053321367056> 12/06/2025 13:38:46.003     [Error  ] - Aborting context 57896053321367056
 <88766341419579296> 12/06/2025 13:38:46.007     [Error  ] - Aborting context 88766341419579296, Program: "Main Program".
 <374076064178675968> 12/06/2025 13:38:46.011     [Error  ] - Aborting context 374076064178675968, Program: "Main Program".
 <-1> 12/06/2025 15:39:48.845     [Error  ] - Data Sources full open of "C:\Projects\GimpiesWeb\Source\DataSources.xml" ("C:\Projects\GimpiesWeb\Source\DataSourcesIndex.xml" is outdated! It is recommended to regenerate the project's 'Source' folder from an up-to-date export file.)
 <229209049579986496> 12/06/2025 15:58:08.327     [Error  ] - Failed to open, data source: Users, Program: "Browse - Users".
 <301897443701059136> 12/06/2025 15:58:16.582     [Error  ] - Failed to open, data source: Users, Program: "Browse - Users".
 <467874754895160448> 12/06/2025 15:58:38.991     [Error  ] - Failed to open, data source: Users, Program: "Browse - Users".
 <525581888531278912> 12/06/2025 15:59:01.765     [Error  ] - Failed to open, data source: Users, Program: "Browse - Users".
 <370648854883698304> 12/06/2025 15:59:32.133     [Error  ] - Failed to open, data source: Users, Program: "Browse - Users".
 <-1> 12/06/2025 16:18:08.914     [Error  ] - Error - run-time engine was not found. Please restart the studio in order to run the application
 <444867137740315520> 12/06/2025 16:21:07.146     [Error  ] - Aborting context 444867137740315520, Program: "Main Program".
 <241961161800006432> 13/06/2025 08:21:14.262     [Error  ] - Aborting context 241961161800006432, Program: "Main Program".
 <-1> 13/06/2025 08:29:48.777     [Error  ] - Error - run-time engine was not found. Please restart the studio in order to run the application
 <434029722380926144> 13/06/2025 08:32:57.648     [Error  ] - Failed to open, data source: Users, Program: "Browse - Users".
 <518067005016549120> 13/06/2025 08:34:16.105     [Error  ] - Failed to open, data source: Users, Program: "Browse - Users".
 <350375237230089088> 13/06/2025 08:35:27.210     [Error  ] - Failed to open, data source: Users, Program: "Browse - Users".
 <296996136428540288> 13/06/2025 08:36:37.695     [Error  ] - Failed to open, data source: Users, Program: "Browse - Users".
 <487608511653128768> 13/06/2025 08:57:37.713     [Error  ] - EndTaskRequest(): Error: "Web client requests cannot be handled when the online MDI is open" (-276) : " [WebC session started.]" ("GimpiesWeb")  (msgid "38"), Program: "Main Program".
 <506949923965446976> 13/06/2025 08:57:45.909     [Error  ] - EndTaskRequest(): Error: "Web client requests cannot be handled when the online MDI is open" (-276) : " [WebC session started.]" ("GimpiesWeb")  (msgid "41"), Program: "Main Program".
 <194449416912335552> 13/06/2025 08:57:50.396     [Error  ] - EndTaskRequest(): Error: "Web client requests cannot be handled when the online MDI is open" (-276) : " [WebC session started.]" ("GimpiesWeb")  (msgid "44"), Program: "Main Program".
 <77507305302974624> 13/06/2025 08:57:53.017     [Error  ] - EndTaskRequest(): Error: "Web client requests cannot be handled when the online MDI is open" (-276) : " [WebC session started.]" ("GimpiesWeb")  (msgid "47"), Program: "Main Program".
 <463225661684615552> 13/06/2025 08:57:55.725     [Error  ] - EndTaskRequest(): Error: "Web client requests cannot be handled when the online MDI is open" (-276) : " [WebC session started.]" ("GimpiesWeb")  (msgid "50"), Program: "Main Program".
 <465206798496684544> 13/06/2025 08:58:45.681     [Error  ] - EndTaskRequest(): Error: "Web client requests cannot be handled when the online MDI is open" (-276) : " [WebC session started.]" ("GimpiesWeb")  (msgid "53"), Program: "Main Program".
 <221519860513144480> 13/06/2025 09:04:14.341     [Error  ] - Aborting context 221519860513144480, Program: "Main Program".
 <550408057697500096> 13/06/2025 09:20:23.279     [Error  ] - Aborting context 550408057697500096, Program: "Main Program".
 <270849945282973664> 13/06/2025 09:50:51.991     [Error  ] - Aborting context 270849945282973664, Program: "Main Program".
 <322545051602526912> 13/06/2025 09:59:50.001     [Error  ] - Aborting context 322545051602526912, Program: "Main Program".
 <130057759068019584> 13/06/2025 11:17:56.688     [Error  ] - Aborting context 130057759068019584, Program: "Main Program".
 <127945641994844144> 13/06/2025 11:41:23.156     [Error  ] - Aborting context 127945641994844144, Program: "Main Program".
 <392325490157386560> 13/06/2025 11:46:22.676     [Error  ] - Aborting context 392325490157386560, Program: "Main Program".
 <250408223743159008> 13/06/2025 11:50:30.506     [Error  ] - Aborting context 250408223743159008, Program: "Main Program".
 <202636833905684224> 13/06/2025 11:51:45.315     [Error  ] - Aborting context 202636833905684224, Program: "Main Program".
 <246663778633274880> 13/06/2025 12:57:12.470     [Error  ] - Aborting context 246663778633274880, Program: "Main Program".
 <189483001555886016> 13/06/2025 13:09:39.852     [Error  ] - Aborting context 189483001555886016, Program: "Main Program".
 <114705775251066288> 13/06/2025 13:13:57.296     [Error  ] - Aborting context 114705775251066288, Program: "Main Program".
 <562880083005885824> 13/06/2025 13:19:53.948     [Error  ] - Aborting context 562880083005885824, Program: "Main Program".
 <171515516109891744> 13/06/2025 13:29:07.940     [Error  ] - Aborting context 171515516109891744, Program: "Main Program".
 <107026874863047376> 13/06/2025 14:20:22.694     [Error  ] - Aborting context 107026874863047376, Program: "Main Program".
 <106567826703124896> 13/06/2025 16:20:47.394     [Error  ] - Aborting context 106567826703124896, Program: "Main Program".
 <152040920003309888> 13/06/2025 16:24:58.210     [Error  ] - Aborting context 152040920003309888, Program: "Main Program".
 <-1> 16/06/2025 21:25:34.103     [Error  ] - Data Sources full open of "C:\Projects\GimpiesWeb\Source\DataSources.xml" ("C:\Projects\GimpiesWeb\Source\DataSourcesIndex.xml" is outdated! It is recommended to regenerate the project's 'Source' folder from an up-to-date export file.)
 <254530553789427776> 16/06/2025 22:24:42.766     [Error  ] - Aborting context 254530553789427776, Program: "Main Program".
 <381656170868823488> 16/06/2025 23:34:18.490     [Error  ] - Aborting context 381656170868823488, Program: "Main Program".
 <483936899247031424> 17/06/2025 10:23:14.808     [Error  ] - Aborting context 483936899247031424, Program: "Main Program".
 <456010859245750976> 17/06/2025 10:29:34.325     [Error  ] - Aborting context 456010859245750976, Program: "Main Program".
 <100924243000175936> 17/06/2025 10:30:06.618     [Error  ] - Aborting context 100924243000175936, Program: "Main Program".
 <135586572610007088> 17/06/2025 10:32:15.202     [Error  ] - Aborting context 135586572610007088, Program: "Main Program".
 <54402207895267024> 17/06/2025 10:33:32.264     [Error  ] - Aborting context 54402207895267024, Program: "Main Program".
 <350114687402511936> 17/06/2025 11:08:22.843     [Error  ] - Aborting context 350114687402511936, Program: "Main Program".
 <569102430831446080> 17/06/2025 11:09:34.419     [Error  ] - Aborting context 569102430831446080, Program: "Main Program".
 <105643281007873776> 17/06/2025 11:33:30.284     [Error  ] - Aborting context 105643281007873776, Program: "Main Program".
 <218532764404303360> 17/06/2025 12:20:59.460     [Error  ] - Aborting context 218532764404303360, Program: "Main Program".
 <381858477795130560> 17/06/2025 12:58:15.026     [Error  ] - Aborting context 381858477795130560, Program: "Main Program".
 <263346731106409056> 17/06/2025 13:11:07.619     [Error  ] - Aborting context 263346731106409056, Program: "Main Program".
 <96904891003427696> 17/06/2025 13:12:34.979     [Error  ] - Aborting context 96904891003427696, Program: "Main Program".
 <216458372027718528> 17/06/2025 13:14:17.016     [Error  ] - Aborting context 216458372027718528, Program: "Main Program".
 <565228780463324032> 17/06/2025 13:18:09.591     [Error  ] - Aborting context 565228780463324032, Program: "Main Program".
 <50424100885161880> 17/06/2025 13:39:49.467     [Error  ] - Aborting context 50424100885161880, Program: "Main Program".
 <498807914992277312> 17/06/2025 13:59:00.401     [Error  ] - Aborting context 498807914992277312, Program: "Main Program".
 <159099508555343040> 17/06/2025 14:22:33.990     [Error  ] - Aborting context 159099508555343040, Program: "Main Program".
 <67005507325778832> 17/06/2025 14:39:29.676     [Error  ] - Aborting context 67005507325778832, Program: "Main Program".
 <476506078835682560> 17/06/2025 14:44:50.517     [Error  ] - Aborting context 476506078835682560, Program: "Main Program".
 <49438375132899080> 17/06/2025 14:45:13.558     [Error  ] - Aborting context 49438375132899080, Program: "Main Program".
 <541930948442587520> 17/06/2025 14:46:23.324     [Error  ] - Aborting context 541930948442587520, Program: "Main Program".
 <168815347478343712> 17/06/2025 14:50:02.872     [Error  ] - Aborting context 168815347478343712, Program: "Main Program".
 <319438538326665088> 17/06/2025 14:55:49.786     [Error  ] - Aborting context 319438538326665088, Program: "Main Program".
 <346537230418636800> 17/06/2025 14:58:02.529     [Error  ] - Aborting context 346537230418636800, Program: "Main Program".
 <335471898337196288> 17/06/2025 14:59:56.318     [Error  ] - Aborting context 335471898337196288, Program: "Main Program".
 <556313155792817792> 17/06/2025 15:02:20.493     [Error  ] - Aborting context 556313155792817792, Program: "Main Program".
 <333263151614259456> 17/06/2025 15:22:28.278     [Error  ] - Aborting context 333263151614259456, Program: "Main Program".
 <159986040639079904> 17/06/2025 15:24:24.270     [Error  ] - Aborting context 159986040639079904, Program: "Main Program".
 <283361594780682528> 17/06/2025 15:27:18.112     [Error  ] - Aborting context 283361594780682528, Program: "Main Program".
 <99967683473020656> 17/06/2025 15:33:09.603     [Error  ] - Aborting context 99967683473020656, Program: "Main Program".
 <280630264276841664> 17/06/2025 15:35:32.142     [Error  ] - Aborting context 280630264276841664, Program: "Main Program".
 <563840239241337088> 17/06/2025 15:37:02.845     [Error  ] - Aborting context 563840239241337088, Program: "Main Program".
 <394242362017507456> 17/06/2025 15:41:28.387     [Error  ] - Aborting context 394242362017507456, Program: "Main Program".
 <396841904656947968> 17/06/2025 15:47:07.428     [Error  ] - This session was closed by the server(-197). Application : GimpiesWeb
 <396841904656947968> 17/06/2025 15:47:10.576     [Error  ] - Execution Path: Login;CollectData, Program: "Login.CollectData".
 <396841904656947968> 17/06/2025 15:47:10.580     [Error  ] -  Task Name: Main Program, Tag: 2, Program: "Login.CollectData".
 <396841904656947968> 17/06/2025 15:47:10.583     [Error  ] -  Task Name: Login, Tag: 3, Parent Tag: 2, Program: "Login.CollectData".
 <396841904656947968> 17/06/2025 15:47:10.587     [Error  ] -  Task Name: CollectData, Tag: 4, Parent Tag: 3, Program: "Login.CollectData".
 <396841904656947968> 17/06/2025 15:47:10.590     [Error  ] - End Task Tree, Program: "Login.CollectData".
 <396841904656947968> 17/06/2025 15:47:10.595     [Error  ] - EndTaskRequest(): Login;CollectDataERR-THREAD-ABORTED (-139) : " [WebC session started.]" ("GimpiesWeb")  (msgid "728")
 <146585085897755968> 17/06/2025 15:48:25.932     [Error  ] - Aborting context 146585085897755968, Program: "Main Program".
 <158307289730868896> 18/06/2025 22:43:33.330     [Error  ] - Failed to open lock file, data source: Users, Program: "Browse - Users_".
 <-1> 18/06/2025 22:49:52.799     [Error  ] - Error - run-time engine was not found. Please restart the studio in order to run the application
 <205037478872460800> 19/06/2025 08:24:38.756     [Error  ] - Aborting context 205037478872460800, Program: "Main Program".
 <-1> 19/06/2025 11:57:51.798     [Error  ] - Data Sources full open of "C:\Projects\GimpiesWeb\Source\DataSources.xml" ("C:\Projects\GimpiesWeb\Source\DataSourcesIndex.xml" is outdated! It is recommended to regenerate the project's 'Source' folder from an up-to-date export file.)
 <207891465298505984> 19/06/2025 12:00:46.891     [Error  ] - Aborting context 207891465298505984, Program: "Main Program".
 <348505131648788864> 20/06/2025 11:54:49.890     [Error  ] - Aborting context 348505131648788864, Program: "Main Program".
 <428513382286285248> 20/06/2025 11:54:49.897     [Error  ] - Aborting context 428513382286285248, Program: "Main Program".
 <532054642466024128> 20/06/2025 11:58:53.987     [Error  ] - Aborting context 532054642466024128, Program: "Main Program".
 <287685923449973952> 20/06/2025 11:59:49.403     [Error  ] - Aborting context 287685923449973952, Program: "Main Program".
 <134468428331119552> 20/06/2025 12:59:01.702     [Error  ] - Request's Session Counter #3 <> Server's Session Counter #4, Program: "Main Program".
 <67085804754022920> 21/06/2025 17:18:29.725     [Error  ] - Aborting context 67085804754022920, Program: "Main Program".
 <-1> 21/06/2025 17:18:30.742     [Error  ] - Data Sources full open of "C:\Projects\GimpiesWeb\Source\DataSources.xml" ("C:\Projects\GimpiesWeb\Source\DataSourcesIndex.xml" is outdated! It is recommended to regenerate the project's 'Source' folder from an up-to-date export file.)
 <252272184222535008> 21/06/2025 21:01:16.736     [Error  ] - Request's Session Counter #2 <> Server's Session Counter #3, Program: "Main Program".
 <32624233122543656> 21/06/2025 23:49:10.189     [Error  ] - Aborting context 32624233122543656, Program: "Main Program".
 <252272184222535008> 21/06/2025 23:49:10.193     [Error  ] - Aborting context 252272184222535008, Program: "Main Program".
 <286342007916571872> 21/06/2025 23:49:10.197     [Error  ] - Aborting context 286342007916571872, Program: "Main Program".
 <462495161800616064> 21/06/2025 23:49:10.201     [Error  ] - Aborting context 462495161800616064
 <550245573777566912> 21/06/2025 23:49:10.204     [Error  ] - Aborting context 550245573777566912, Program: "Main Program".
 <571201527533305472> 21/06/2025 23:49:10.208     [Error  ] - Aborting context 571201527533305472
 <215407652234807904> 23/06/2025 08:17:55.894     [Error  ] - Aborting context 215407652234807904, Program: "Main Program".
 <144791744765737408> 23/06/2025 08:19:58.860     [Error  ] - Aborting context 144791744765737408, Program: "Main Program".
 <209818505805845216> 23/06/2025 08:40:56.419     [Error  ] - Failed to open, data source: Brand, Program: "Browse - Brand".
 <219116416890029792> 23/06/2025 08:41:14.719     [Error  ] - Failed to open, data source: Shoe_Type, Program: "Browse - Shoe_Type".
 <5361653601011004> 23/06/2025 08:42:22.828     [Error  ] - Failed to open, data source: Brand, Program: "Browse - Brand".
 <101488681880342992> 23/06/2025 08:43:58.672     [Error  ] - Failed to open, data source: Brand, Program: "Browse - Brand".
 <227197783663483648> 23/06/2025 08:46:11.105     [Error  ] - Failed to open, data source: Brand, Program: "Browse - Brand".
 <172503232646525408> 23/06/2025 08:46:59.013     [Error  ] - Failed to open, data source: Brand, Program: "Browse - Brand".
 <268465490966959328> 23/06/2025 08:48:18.483     [Error  ] - Failed to open, data source: Brand, Program: "Browse - Brand".
 <193560760553881856> 23/06/2025 08:49:01.054     [Error  ] - Failed to open, data source: Brand, Program: "Browse - Brand".
 <269054877912271104> 23/06/2025 08:49:18.790     [Error  ] - Failed to open, data source: Brand, Program: "Browse - Brand".
 <409643831856989248> 23/06/2025 08:51:21.275     [Error  ] - Failed to open, data source: Shoe_Type, Program: "Browse - Shoe_Type".
 <312756622606494336> 23/06/2025 09:24:01.269     [Error  ] - EndTaskRequest(): Error: "Web client requests cannot be handled when the online MDI is open" (-276) : " [WebC session started.]" ("GimpiesWeb")  (msgid "30"), Program: "Main Program".
 <533357188456365312> 23/06/2025 09:24:05.136     [Error  ] - EndTaskRequest(): Error: "Web client requests cannot be handled when the online MDI is open" (-276) : " [WebC session started.]" ("GimpiesWeb")  (msgid "33"), Program: "Main Program".
 <398969705468571968> 23/06/2025 09:24:10.447     [Error  ] - EndTaskRequest(): Error: "Web client requests cannot be handled when the online MDI is open" (-276) : " [WebC session started.]" ("GimpiesWeb")  (msgid "36"), Program: "Main Program".
 <558612316178265024> 23/06/2025 09:24:15.722     [Error  ] - EndTaskRequest(): Error: "Web client requests cannot be handled when the online MDI is open" (-276) : " [WebC session started.]" ("GimpiesWeb")  (msgid "39"), Program: "Main Program".
 <101740445399153888> 23/06/2025 09:24:27.411     [Error  ] - EndTaskRequest(): Error: "Web client requests cannot be handled when the online MDI is open" (-276) : " [WebC session started.]" ("GimpiesWeb")  (msgid "42"), Program: "Main Program".
 <-1> 23/06/2025 09:25:48.217     [Error  ] - Error - run-time engine was not found. Please restart the studio in order to run the application
 <121474408788308704> 23/06/2025 09:27:22.591     [Error  ] - Aborting context 121474408788308704, Program: "Main Program".
 <289876449096730048> 23/06/2025 09:51:09.571     [Error  ] - Aborting context 289876449096730048, Program: "Main Program".
 <524406295659077504> 23/06/2025 09:51:09.587     [Error  ] - Aborting context 524406295659077504, Program: "Main Program".
 <153978922117347904> 23/06/2025 09:53:14.645     [Error  ] - Aborting context 153978922117347904, Program: "Main Program".
 <365266443615975360> 23/06/2025 10:07:24.306     [Error  ] - Aborting context 365266443615975360, Program: "Main Program".
 <382875576737065280> 23/06/2025 10:11:18.443     [Error  ] - Aborting context 382875576737065280, Program: "Main Program".
 <289907179232208512> 23/06/2025 10:50:15.582     [Error  ] - DataViewToJSON - Illegal task variables specified : Colo_Name  >> Application: "C:\Projects\GimpiesWeb\", Program: "Routing.Shoe_View.CollectData".
 <289907179232208512> 23/06/2025 10:50:28.059     [Error  ] - Aborting context 289907179232208512, Program: "Main Program".
 <302914242341906368> 23/06/2025 10:52:09.125     [Error  ] - DataViewToJSON - Illegal task variables specified : Colo_Name  >> Application: "C:\Projects\GimpiesWeb\", Program: "Routing.Shoe_View.CollectData".
 <201031286980843392> 23/06/2025 10:52:27.048     [Error  ] - DataViewToJSON - Illegal task variables specified : Colo_Name  >> Application: "C:\Projects\GimpiesWeb\", Program: "Routing.Shoe_View.CollectData".
 <201031286980843392> 23/06/2025 10:53:20.257     [Error  ] - Aborting context 201031286980843392, Program: "Main Program".
 <342355289663264704> 23/06/2025 10:54:42.373     [Error  ] - Aborting context 342355289663264704, Program: "Main Program".
 <335381144008099072> 23/06/2025 10:55:20.079     [Error  ] - Aborting context 335381144008099072, Program: "Main Program".
 <224414032679781440> 23/06/2025 10:56:06.508     [Error  ] - Aborting context 224414032679781440, Program: "Main Program".
 <242652690497640608> 23/06/2025 11:06:22.377     [Error  ] - Aborting context 242652690497640608, Program: "Main Program".
 <180922455626562720> 23/06/2025 11:14:06.935     [Error  ] - DataViewToJSON - Illegal task variables specified : value  >> Application: "C:\Projects\GimpiesWeb\", Program: "Routing.Shoe_View.CollectData".
 <180922455626562720> 23/06/2025 11:14:11.100     [Error  ] - Aborting context 180922455626562720, Program: "Main Program".
 <147183217916275360> 23/06/2025 11:45:17.613     [Error  ] - Aborting context 147183217916275360, Program: "Main Program".
 <84118917872031312> 23/06/2025 16:28:09.085     [Error  ] - Aborting context 84118917872031312, Program: "Main Program".
 <529519952612956544> 23/06/2025 16:28:09.090     [Error  ] - Aborting context 529519952612956544, Program: "Main Program".
 <425596816376784192> 23/06/2025 16:28:09.097     [Error  ] - Aborting context 425596816376784192, Program: "Main Program".
 <134105082690277120> 24/06/2025 10:54:29.089     [Error  ] - Aborting context 134105082690277120, Program: "Main Program".
 <-1> 24/06/2025 16:03:56.449     [Error  ] - Data Sources full open of "C:\Projects\GimpiesWeb\Source\DataSources.xml" ("C:\Projects\GimpiesWeb\Source\DataSourcesIndex.xml" is outdated! It is recommended to regenerate the project's 'Source' folder from an up-to-date export file.)
 <154779992907154688> 24/06/2025 16:05:54.430     [Error  ] - Aborting context 154779992907154688, Program: "Main Program".
 <118531768884056976> 24/06/2025 16:13:03.067     [Error  ] - Aborting context 118531768884056976, Program: "Main Program".
 <442733221901836736> 24/06/2025 16:13:48.383     [Error  ] - Aborting context 442733221901836736, Program: "Main Program".
 <-1> 24/06/2025 16:19:03.625     [Error  ] - Error - run-time engine was not found. Please restart the studio in order to run the application
 <99102998674859088> 24/06/2025 16:22:10.043     [Error  ] - Aborting context 99102998674859088, Program: "Main Program".
 <373110684650255744> 24/06/2025 16:23:40.975     [Error  ] - Aborting context 373110684650255744, Program: "Main Program".
 <117309624484368720> 24/06/2025 16:24:43.244     [Error  ] - Aborting context 117309624484368720, Program: "Main Program".
 <-1> 24/06/2025 16:25:48.187     [Error  ] - Error - run-time engine was not found. Please restart the studio in order to run the application
 <-1> 26/06/2025 08:05:30.004     [Error  ] - Error - run-time engine was not found. Please restart the studio in order to run the application
 <526345064032771648> 26/06/2025 08:17:15.316     [Error  ] - Aborting context 526345064032771648, Program: "Main Program".
 <235770043902470880> 26/06/2025 08:44:28.058     [Error  ] - Constraint failure, data source: Orders  >> Application: "C:\Projects\GimpiesWeb\", Program: "Routing.CreateOrder".
 <281600972031094272> 26/06/2025 08:46:10.456     [Error  ] - Constraint failure, data source: Orders  >> Application: "C:\Projects\GimpiesWeb\", Program: "Routing.CreateOrder".
 <281600972031094272> 26/06/2025 08:47:12.237     [Error  ] - Aborting context 281600972031094272, Program: "Main Program".
 <313706852710654272> 26/06/2025 08:52:58.758     [Error  ] - Aborting context 313706852710654272, Program: "Main Program".
 <532682880983082176> 26/06/2025 08:54:23.696     [Error  ] - Aborting context 532682880983082176, Program: "Main Program".
 <446136206297122112> 26/06/2025 08:58:11.384     [Error  ] - Aborting context 446136206297122112, Program: "Main Program".
 <26753928357496116> 26/06/2025 08:59:18.034     [Error  ] - Aborting context 26753928357496116, Program: "Main Program".
 <562371348824130496> 26/06/2025 09:21:39.036     [Error  ] - Aborting context 562371348824130496, Program: "Main Program".
 <236905746682705696> 26/06/2025 09:28:45.047     [Error  ] - Constraint failure, data source: Orders  >> Application: "C:\Projects\GimpiesWeb\", Program: "Routing.CreateOrder".
 <236905746682705696> 26/06/2025 09:28:45.053     [Error  ] - EndTaskRequest(): Constraint failure, data source: Orders : CreateOrder NOT NULL constraint failed: Orders.UserIDAborting context 236905746682705696 : "Routing.CreateOrder" ("GimpiesWeb")  (msgid "170"), Program: "Main Program".
 <-1> 26/06/2025 09:29:33.451     [Error  ] - Error - run-time engine was not found. Please restart the studio in order to run the application
 <429051630709240960> 26/06/2025 09:37:31.575     [Error  ] - Constraint failure, data source: Orders  >> Application: "C:\Projects\GimpiesWeb\", Program: "Routing.CreateOrder.CreateOrderBatch".
 <429051630709240960> 26/06/2025 09:38:30.460     [Error  ] - Aborting context 429051630709240960, Program: "Main Program".
 <19902648999492276> 26/06/2025 09:42:50.719     [Error  ] - Constraint failure, data source: Orders  >> Application: "C:\Projects\GimpiesWeb\", Program: "Routing.CreateOrder.CreateOrderBatch".
 <19902648999492276> 26/06/2025 09:43:13.808     [Error  ] - Aborting context 19902648999492276, Program: "Main Program".
 <287231897290397632> 26/06/2025 09:46:01.788     [Error  ] - Constraint failure, data source: Orders  >> Application: "C:\Projects\GimpiesWeb\", Program: "Routing.CreateOrder.CreateOrderBatch".
 <287231897290397632> 26/06/2025 09:46:14.574     [Error  ] - Aborting context 287231897290397632, Program: "Main Program".
 <259129340644315072> 26/06/2025 09:49:38.249     [Error  ] - Duplicate index, data source: Orders  >> Application: "C:\Projects\GimpiesWeb\", Program: "Routing.CreateOrder.CreateOrderBatch".
 <259129340644315072> 26/06/2025 09:51:34.387     [Error  ] - Aborting context 259129340644315072, Program: "Main Program".
 <91236632714181504> 26/06/2025 09:52:21.772     [Error  ] - Constraint failure, data source: Orders  >> Application: "C:\Projects\GimpiesWeb\", Program: "Routing.CreateOrder.CreateOrderBatch".
 <91236632714181504> 26/06/2025 09:52:28.507     [Error  ] - Aborting context 91236632714181504, Program: "Main Program".
 <39920612529642352> 26/06/2025 09:55:07.976     [Error  ] - Aborting context 39920612529642352, Program: "Main Program".
 <163839514534703968> 26/06/2025 09:56:11.562     [Error  ] - Duplicate index, data source: Orders  >> Application: "C:\Projects\GimpiesWeb\", Program: "Routing.CreateOrder.CreateOrderBatch".
 <163839514534703968> 26/06/2025 10:21:08.381     [Error  ] - Aborting context 163839514534703968, Program: "Main Program".
 <130580271440230752> 26/06/2025 12:18:16.463     [Error  ] - Aborting context 130580271440230752, Program: "Main Program".
 <109140849821748768> 26/06/2025 12:51:54.558     [Error  ] - This session was closed by the server(-197). Application : GimpiesWeb
 <76050885070378512> 27/06/2025 13:11:16.521     [Error  ] - Aborting context 76050885070378512, Program: "Main Program".
 <495741064745401984> 27/06/2025 13:23:44.260     [Error  ] - Update operation failed, data source: Orders  >> Application: "C:\Projects\GimpiesWeb\", Program: "Routing.CreateOrder.CreateOrderBatch".
 <3513147905120143> 27/06/2025 13:24:50.102     [Error  ] - Update operation failed, data source: Orders  >> Application: "C:\Projects\GimpiesWeb\", Program: "Routing.CreateOrder.CreateOrderBatch".
 <3513147905120143> 27/06/2025 13:25:00.558     [Error  ] - Update operation failed, data source: Orders  >> Application: "C:\Projects\GimpiesWeb\", Program: "Routing.CreateOrder.CreateOrderBatch".
 <3513147905120143> 27/06/2025 13:25:48.030     [Error  ] - Aborting context 3513147905120143, Program: "Main Program".
 <231264146519161920> 27/06/2025 13:28:56.864     [Error  ] - Update operation failed, data source: Orders  >> Application: "C:\Projects\GimpiesWeb\", Program: "Routing.CreateOrder.CreateOrderBatch".
 <231264146519161920> 27/06/2025 13:29:15.061     [Error  ] - Aborting context 231264146519161920, Program: "Main Program".
 <89565735999990896> 27/06/2025 13:31:38.030     [Error  ] - Update operation failed, data source: Orders  >> Application: "C:\Projects\GimpiesWeb\", Program: "Routing.CreateOrder.CreateOrderBatch".
 <89565735999990896> 27/06/2025 13:31:55.196     [Error  ] - Aborting context 89565735999990896, Program: "Main Program".
 <232729090617888288> 27/06/2025 13:36:05.876     [Error  ] - Update operation failed, data source: Orders  >> Application: "C:\Projects\GimpiesWeb\", Program: "Routing.CreateOrder.CreateOrderBatch".
 <232729090617888288> 27/06/2025 13:36:20.923     [Error  ] - Aborting context 232729090617888288, Program: "Main Program".
 <83490949208287392> 27/06/2025 13:41:45.834     [Error  ] - Failed to open, data source: Orders, Program: "Browse - Orders".
 <396689852164534336> 27/06/2025 13:43:13.768     [Error  ] - Failed to open, data source: Orders, Program: "Browse - Orders".
 <149312339845109952> 27/06/2025 13:43:53.661     [Error  ] - Failed to open, data source: Orders, Program: "Browse - Orders".
 <189260296162663776> 27/06/2025 13:47:23.964     [Error  ] - Failed to open, data source: Orders, Program: "Browse - Orders".
 <32148113261031920> 27/06/2025 13:55:39.659     [Error  ] - Failed to open, data source: Orders, Program: "Browse - Orders".
 <142868091637087600> 27/06/2025 13:56:55.888     [Error  ] - Failed to open, data source: Orders, Program: "Browse - Orders".
 <402064984426414784> 27/06/2025 13:57:33.208     [Error  ] - Failed to open, data source: Orders, Program: "Browse - Orders".
 <304642578229403520> 27/06/2025 14:00:53.439     [Error  ] - Failed to open, data source: Orders, Program: "Browse - Orders".
 <326498365470270144> 27/06/2025 14:01:56.823     [Error  ] - Failed to open, data source: Orders, Program: "Browse - Orders".
 <385302516622393792> 27/06/2025 14:05:31.232     [Error  ] - EndTaskRequest(): Error: "Web client requests cannot be handled when the online MDI is open" (-276) : " [WebC session started.]" ("GimpiesWeb")  (msgid "423"), Program: "Main Program".
 <240490061388060128> 27/06/2025 14:05:35.713     [Error  ] - EndTaskRequest(): Error: "Web client requests cannot be handled when the online MDI is open" (-276) : " [WebC session started.]" ("GimpiesWeb")  (msgid "426"), Program: "Main Program".
 <-1> 27/06/2025 14:06:41.280     [Error  ] - Error - run-time engine was not found. Please restart the studio in order to run the application
 <453146926926900736> 27/06/2025 14:15:55.635     [Error  ] - Aborting context 453146926926900736, Program: "Main Program".
 <260254009217486880> 30/06/2025 14:14:09.830     [Error  ] - Aborting context 260254009217486880, Program: "Main Program".
 <169132220341729728> 30/06/2025 16:00:35.228     [Error  ] - Aborting context 169132220341729728, Program: "Main Program".
 <485331776218393792> 30/06/2025 16:03:51.339     [Error  ] - Aborting context 485331776218393792, Program: "Main Program".
 <73086752065458112> 30/06/2025 16:11:51.304     [Error  ] - Aborting context 73086752065458112, Program: "Main Program".
 <493639890254436800> 01/07/2025 10:22:42.580     [Error  ] - Aborting context 493639890254436800, Program: "Main Program".
 <565983583681627904> 01/07/2025 10:26:43.768     [Error  ] - This session was closed by the server(-197). Application : GimpiesWeb
 <60945049485101944> 01/07/2025 10:29:01.956     [Error  ] - Aborting context 60945049485101944, Program: "Main Program".
 <29608432024322332> 01/07/2025 12:32:59.021     [Error  ] - Aborting context 29608432024322332, Program: "Main Program".
 <401201302954608192> 01/07/2025 12:48:22.652     [Error  ] - Aborting context 401201302954608192, Program: "Main Program".
 <82432115781794992> 01/07/2025 12:49:26.642     [Error  ] - This session was closed by the server(-197). Application : GimpiesWeb
 <285875259979901152> 01/07/2025 12:54:32.683     [Error  ] - Aborting context 285875259979901152, Program: "Main Program".
 <485165053074192704> 01/07/2025 13:50:44.893     [Error  ] - Aborting context 485165053074192704, Program: "Main Program".
 <152045176674934464> 01/07/2025 13:57:53.499     [Error  ] - Aborting context 152045176674934464, Program: "Main Program".
 <188091525602644672> 01/07/2025 14:24:19.541     [Error  ] - Aborting context 188091525602644672, Program: "Main Program".
 <103096728470648592> 01/07/2025 15:01:13.842     [Error  ] - Aborting context 103096728470648592, Program: "Main Program".
 <308132503092904512> 01/07/2025 15:01:52.272     [Error  ] - This session was closed by the server(-197). Application : GimpiesWeb
 <290994101063788224> 01/07/2025 15:03:10.952     [Error  ] - Aborting context 290994101063788224, Program: "Main Program".
 <339877750244082560> 01/07/2025 15:05:23.293     [Error  ] - This session was closed by the server(-197). Application : GimpiesWeb
 <439501692389742464> 01/07/2025 15:05:43.973     [Error  ] - Dataview cannot be locked outside the scope of a transaction  >> Application: "C:\Projects\GimpiesWeb\", Program: "Routing.CreateOrder.UpdateAmount".
 <331732436670370> 01/07/2025 15:06:18.180     [Error  ] - Aborting context 331732436670370, Program: "Main Program".
 <8515220603111791> 01/07/2025 15:08:21.790     [Error  ] - Aborting context 8515220603111791, Program: "Main Program".
 <101390907803376304> 01/07/2025 15:10:13.206     [Error  ] - Aborting context 101390907803376304, Program: "Main Program".
 <494240840800736320> 01/07/2025 15:14:11.386     [Error  ] - Aborting context 494240840800736320, Program: "Main Program".
 <36062024734270592> 01/07/2025 15:26:53.963     [Error  ] - Aborting context 36062024734270592, Program: "Main Program".
 <268393430089973120> 01/07/2025 15:28:41.242     [Error  ] - Aborting context 268393430089973120, Program: "Main Program".
 <82367097680948400> 01/07/2025 15:32:46.033     [Error  ] - Aborting context 82367097680948400, Program: "Main Program".
 <556080566396768512> 01/07/2025 15:33:02.270     [Error  ] - This session was closed by the server(-197). Application : GimpiesWeb
 <10288463969075548> 01/07/2025 15:35:18.009     [Error  ] - Aborting context 10288463969075548, Program: "Main Program".
 <558522435377115904> 01/07/2025 15:35:55.406     [Error  ] - This session was closed by the server(-197). Application : GimpiesWeb
 <-1> 01/07/2025 15:47:16.289     [Error  ] - Error - run-time engine was not found. Please restart the studio in order to run the application
 <207387620860851168> 01/07/2025 16:04:41.747     [Error  ] - Execution Path: Main Program, Program: "Main Program".
 <207387620860851168> 01/07/2025 16:04:41.749     [Error  ] -  Task Name: Main Program, Tag: 2, Program: "Main Program".
 <207387620860851168> 01/07/2025 16:04:41.751     [Error  ] - End Task Tree, Program: "Main Program".
 <207387620860851168> 01/07/2025 16:04:41.756     [Error  ] - EndTaskRequest(): Main ProgramERR-THREAD-ABORTED (-139) : "Routing.CreateOrder" ("GimpiesWeb")  (msgid "814")
 <497425293322422144> 01/07/2025 16:04:44.591     [Error  ] - This session was closed by the server(-197). Application : GimpiesWeb
 <12638403915197994> 01/07/2025 16:08:03.719     [Error  ] - Execution Path: , Program: "".
 <12638403915197994> 01/07/2025 16:08:03.720     [Error  ] - EndTaskRequest(): ERR-THREAD-ABORTED (-139) : " [WebC session started.]" ("GimpiesWeb")  (msgid "822")
 <383031564581426752> 01/07/2025 16:09:06.634     [Error  ] - Cannot modify Read Only, data source: Shoe  >> Application: "C:\Projects\GimpiesWeb\", Program: "Routing.CreateOrder.UpdateAmount".
 <-1> 01/07/2025 16:10:03.165     [Error  ] - Error - run-time engine was not found. Please restart the studio in order to run the application
 <525484766983253632> 01/07/2025 16:16:10.335     [Error  ] - Execution Path: Main Program, Program: "Main Program".
 <525484766983253632> 01/07/2025 16:16:10.339     [Error  ] -  Task Name: Main Program, Tag: 2, Program: "Main Program".
 <525484766983253632> 01/07/2025 16:16:10.342     [Error  ] - End Task Tree, Program: "Main Program".
 <525484766983253632> 01/07/2025 16:16:10.345     [Error  ] - EndTaskRequest(): Main ProgramERR-THREAD-ABORTED (-139) : "Routing.CreateOrder" ("GimpiesWeb")  (msgid "836")
 <474444088259705216> 01/07/2025 16:16:12.933     [Error  ] - This session was closed by the server(-197). Application : GimpiesWeb
 <-1> 01/07/2025 16:18:35.627     [Error  ] - Error - run-time engine was not found. Please restart the studio in order to run the application
 <-1> 01/07/2025 16:19:22.231     [Error  ] - Error - run-time engine was not found. Please restart the studio in order to run the application
 <114862941548865344> 02/07/2025 08:57:22.965     [Error  ] - Aborting context 114862941548865344, Program: "Main Program".
 <357818154364872064> 02/07/2025 09:05:01.012     [Error  ] - This session was closed by the server(-197). Application : GimpiesWeb
 <515680195060950720> 02/07/2025 09:05:52.680     [Error  ] - Aborting context 515680195060950720, Program: "Main Program".
 <266850296457179456> 02/07/2025 11:24:27.223     [Error  ] - Aborting context 266850296457179456, Program: "Main Program".
 <459806265541696960> 02/07/2025 11:24:27.227     [Error  ] - Aborting context 459806265541696960, Program: "Main Program".
 <475036200657121728> 02/07/2025 11:24:27.230     [Error  ] - Aborting context 475036200657121728, Program: "Main Program".
 <537607061391352064> 02/07/2025 11:24:27.233     [Error  ] - Aborting context 537607061391352064, Program: "Main Program".
 <413101143987770048> 02/07/2025 11:45:19.578     [Error  ] - Aborting context 413101143987770048, Program: "Main Program".
 <164706741556682528> 02/07/2025 13:59:38.663     [Error  ] - Aborting context 164706741556682528, Program: "Main Program".
 <368108763931920960> 03/07/2025 01:02:59.966     [Error  ] - Aborting context 368108763931920960, Program: "Main Program".
 <350083738827208448> 03/07/2025 01:05:18.169     [Error  ] - Aborting context 350083738827208448, Program: "Main Program".
 <278185149468855968> 03/07/2025 14:13:37.377     [Error  ] - Aborting context 278185149468855968, Program: "Main Program".
 <448005107570112960> 03/07/2025 14:16:22.026     [Error  ] - Aborting context 448005107570112960, Program: "Main Program".
 <83009582470499456> 03/07/2025 14:49:42.482     [Error  ] - Aborting context 83009582470499456, Program: "Main Program".
 <548897807099931776> 03/07/2025 14:51:38.349     [Error  ] - Aborting context 548897807099931776, Program: "Main Program".
 <401992227163297408> 03/07/2025 15:11:41.993     [Error  ] - Aborting context 401992227163297408, Program: "Main Program".
 <234266147560976288> 03/07/2025 15:26:22.148     [Error  ] - Aborting context 234266147560976288, Program: "Main Program".
 <360031188660877248> 03/07/2025 15:32:15.554     [Error  ] - Aborting context 360031188660877248, Program: "Main Program".
 <528412955728981312> 03/07/2025 15:45:21.676     [Error  ] - Aborting context 528412955728981312, Program: "Main Program".
 <64447151969693840> 23/10/2025 21:43:11.417     [Error  ] - Failed to open lock file, data source: Users  >> Application: "C:\Projects\GimpiesWeb\", Program: "Routing.Login".
 <64447151969693840> 23/10/2025 21:43:11.419     [Error  ] - EndTaskRequest(): Failed to open lock file, data source: Users : Login  : "Routing" ("GimpiesWeb")  (msgid "161949"), Program: "Main Program".
 <278663558020521184> 23/10/2025 21:43:11.848     [Error  ] - This session was closed by the server(-197). Application : GimpiesWeb
 <278663558020521184> 23/10/2025 21:43:12.059     [Error  ] - Failed to open lock file, data source: Users  >> Application: "C:\Projects\GimpiesWeb\", Program: "Routing.Login".
 <278663558020521184> 23/10/2025 21:43:12.061     [Error  ] - EndTaskRequest(): Failed to open lock file, data source: Users : Login  : "Routing" ("GimpiesWeb")  (msgid "161953"), Program: "Main Program".
 <211629258008951904> 23/10/2025 21:43:12.488     [Error  ] - This session was closed by the server(-197). Application : GimpiesWeb
 <211629258008951904> 23/10/2025 21:43:12.674     [Error  ] - Failed to open lock file, data source: Users  >> Application: "C:\Projects\GimpiesWeb\", Program: "Routing.Login".
 <211629258008951904> 23/10/2025 21:43:12.677     [Error  ] - EndTaskRequest(): Failed to open lock file, data source: Users : Login  : "Routing" ("GimpiesWeb")  (msgid "161957"), Program: "Main Program".
 <498743074583377856> 23/10/2025 21:43:13.103     [Error  ] - This session was closed by the server(-197). Application : GimpiesWeb
 <498743074583377856> 23/10/2025 21:43:13.276     [Error  ] - Failed to open lock file, data source: Users  >> Application: "C:\Projects\GimpiesWeb\", Program: "Routing.Login".
 <498743074583377856> 23/10/2025 21:43:13.278     [Error  ] - EndTaskRequest(): Failed to open lock file, data source: Users : Login  : "Routing" ("GimpiesWeb")  (msgid "161961"), Program: "Main Program".
 <431484918349279808> 23/10/2025 21:43:13.650     [Error  ] - This session was closed by the server(-197). Application : GimpiesWeb
 <431484918349279808> 23/10/2025 21:43:13.859     [Error  ] - Failed to open lock file, data source: Users  >> Application: "C:\Projects\GimpiesWeb\", Program: "Routing.Login".
 <431484918349279808> 23/10/2025 21:43:13.862     [Error  ] - EndTaskRequest(): Failed to open lock file, data source: Users : Login  : "Routing" ("GimpiesWeb")  (msgid "161965"), Program: "Main Program".
 <213312041247045920> 23/10/2025 21:43:14.256     [Error  ] - This session was closed by the server(-197). Application : GimpiesWeb
 <213312041247045920> 23/10/2025 21:43:14.478     [Error  ] - Failed to open lock file, data source: Users  >> Application: "C:\Projects\GimpiesWeb\", Program: "Routing.Login".
 <213312041247045920> 23/10/2025 21:43:14.481     [Error  ] - EndTaskRequest(): Failed to open lock file, data source: Users : Login  : "Routing" ("GimpiesWeb")  (msgid "161969"), Program: "Main Program".
 <217084557364038304> 23/10/2025 21:43:14.892     [Error  ] - This session was closed by the server(-197). Application : GimpiesWeb
 <217084557364038304> 23/10/2025 21:43:15.069     [Error  ] - Failed to open lock file, data source: Users  >> Application: "C:\Projects\GimpiesWeb\", Program: "Routing.Login".
 <217084557364038304> 23/10/2025 21:43:15.071     [Error  ] - EndTaskRequest(): Failed to open lock file, data source: Users : Login  : "Routing" ("GimpiesWeb")  (msgid "161973"), Program: "Main Program".
 <109290177527183536> 23/10/2025 21:43:15.435     [Error  ] - This session was closed by the server(-197). Application : GimpiesWeb
 <109290177527183536> 23/10/2025 21:43:15.641     [Error  ] - Failed to open lock file, data source: Users  >> Application: "C:\Projects\GimpiesWeb\", Program: "Routing.Login".
 <109290177527183536> 23/10/2025 21:43:15.646     [Error  ] - EndTaskRequest(): Failed to open lock file, data source: Users : Login  : "Routing" ("GimpiesWeb")  (msgid "161977"), Program: "Main Program".
 <387985064127762624> 23/10/2025 21:43:16.041     [Error  ] - This session was closed by the server(-197). Application : GimpiesWeb
 <387985064127762624> 23/10/2025 21:43:16.199     [Error  ] - Failed to open lock file, data source: Users  >> Application: "C:\Projects\GimpiesWeb\", Program: "Routing.Login".
 <387985064127762624> 23/10/2025 21:43:16.201     [Error  ] - EndTaskRequest(): Failed to open lock file, data source: Users : Login  : "Routing" ("GimpiesWeb")  (msgid "161981"), Program: "Main Program".
 <368488149177440320> 23/10/2025 21:43:16.567     [Error  ] - This session was closed by the server(-197). Application : GimpiesWeb
 <368488149177440320> 23/10/2025 21:43:16.799     [Error  ] - Failed to open lock file, data source: Users  >> Application: "C:\Projects\GimpiesWeb\", Program: "Routing.Login".
 <368488149177440320> 23/10/2025 21:43:16.801     [Error  ] - EndTaskRequest(): Failed to open lock file, data source: Users : Login  : "Routing" ("GimpiesWeb")  (msgid "161985"), Program: "Main Program".
 <393518208993167744> 23/10/2025 21:43:17.199     [Error  ] - This session was closed by the server(-197). Application : GimpiesWeb
 <393518208993167744> 23/10/2025 21:43:17.359     [Error  ] - Failed to open lock file, data source: Users  >> Application: "C:\Projects\GimpiesWeb\", Program: "Routing.Login".
 <393518208993167744> 23/10/2025 21:43:17.362     [Error  ] - EndTaskRequest(): Failed to open lock file, data source: Users : Login  : "Routing" ("GimpiesWeb")  (msgid "161989"), Program: "Main Program".
 <95572828249904864> 23/10/2025 21:43:17.710     [Error  ] - This session was closed by the server(-197). Application : GimpiesWeb
 <95572828249904864> 23/10/2025 21:43:17.928     [Error  ] - Failed to open lock file, data source: Users  >> Application: "C:\Projects\GimpiesWeb\", Program: "Routing.Login".
 <95572828249904864> 23/10/2025 21:43:17.931     [Error  ] - EndTaskRequest(): Failed to open lock file, data source: Users : Login  : "Routing" ("GimpiesWeb")  (msgid "161993"), Program: "Main Program".
 <251820734937890144> 23/10/2025 21:43:18.361     [Error  ] - This session was closed by the server(-197). Application : GimpiesWeb
 <251820734937890144> 23/10/2025 21:43:18.544     [Error  ] - Failed to open lock file, data source: Users  >> Application: "C:\Projects\GimpiesWeb\", Program: "Routing.Login".
 <251820734937890144> 23/10/2025 21:43:18.546     [Error  ] - EndTaskRequest(): Failed to open lock file, data source: Users : Login  : "Routing" ("GimpiesWeb")  (msgid "161997"), Program: "Main Program".
 <483041512452467200> 23/10/2025 21:43:18.941     [Error  ] - This session was closed by the server(-197). Application : GimpiesWeb
 <483041512452467200> 23/10/2025 21:43:19.167     [Error  ] - Failed to open lock file, data source: Users  >> Application: "C:\Projects\GimpiesWeb\", Program: "Routing.Login".
 <483041512452467200> 23/10/2025 21:43:19.169     [Error  ] - EndTaskRequest(): Failed to open lock file, data source: Users : Login  : "Routing" ("GimpiesWeb")  (msgid "162001"), Program: "Main Program".
 <48674791646266624> 23/10/2025 21:43:19.639     [Error  ] - This session was closed by the server(-197). Application : GimpiesWeb
 <48674791646266624> 23/10/2025 21:43:19.802     [Error  ] - Failed to open lock file, data source: Users  >> Application: "C:\Projects\GimpiesWeb\", Program: "Routing.Login".
 <48674791646266624> 23/10/2025 21:43:19.804     [Error  ] - EndTaskRequest(): Failed to open lock file, data source: Users : Login  : "Routing" ("GimpiesWeb")  (msgid "162005"), Program: "Main Program".
 <203506559329606304> 23/10/2025 21:43:20.216     [Error  ] - This session was closed by the server(-197). Application : GimpiesWeb
 <203506559329606304> 23/10/2025 21:43:20.413     [Error  ] - Failed to open lock file, data source: Users  >> Application: "C:\Projects\GimpiesWeb\", Program: "Routing.Login".
 <203506559329606304> 23/10/2025 21:43:20.418     [Error  ] - EndTaskRequest(): Failed to open lock file, data source: Users : Login  : "Routing" ("GimpiesWeb")  (msgid "162009"), Program: "Main Program".
 <19294384703066992> 23/10/2025 21:43:20.863     [Error  ] - This session was closed by the server(-197). Application : GimpiesWeb
 <19294384703066992> 23/10/2025 21:43:21.045     [Error  ] - Failed to open lock file, data source: Users  >> Application: "C:\Projects\GimpiesWeb\", Program: "Routing.Login".
 <19294384703066992> 23/10/2025 21:43:21.047     [Error  ] - EndTaskRequest(): Failed to open lock file, data source: Users : Login  : "Routing" ("GimpiesWeb")  (msgid "162013"), Program: "Main Program".
 <55523848009248560> 23/10/2025 21:43:21.447     [Error  ] - This session was closed by the server(-197). Application : GimpiesWeb
 <55523848009248560> 23/10/2025 21:43:21.698     [Error  ] - Failed to open lock file, data source: Users  >> Application: "C:\Projects\GimpiesWeb\", Program: "Routing.Login".
 <55523848009248560> 23/10/2025 21:43:21.702     [Error  ] - EndTaskRequest(): Failed to open lock file, data source: Users : Login  : "Routing" ("GimpiesWeb")  (msgid "162017"), Program: "Main Program".
 <45194730522287152> 23/10/2025 21:43:22.153     [Error  ] - This session was closed by the server(-197). Application : GimpiesWeb
 <45194730522287152> 23/10/2025 21:43:22.381     [Error  ] - Failed to open lock file, data source: Users  >> Application: "C:\Projects\GimpiesWeb\", Program: "Routing.Login".
 <45194730522287152> 23/10/2025 21:43:22.383     [Error  ] - EndTaskRequest(): Failed to open lock file, data source: Users : Login  : "Routing" ("GimpiesWeb")  (msgid "162021"), Program: "Main Program".
 <460789929965132288> 23/10/2025 21:43:22.905     [Error  ] - This session was closed by the server(-197). Application : GimpiesWeb
 <460789929965132288> 23/10/2025 21:43:23.112     [Error  ] - Failed to open lock file, data source: Users  >> Application: "C:\Projects\GimpiesWeb\", Program: "Routing.Login".
 <460789929965132288> 23/10/2025 21:43:23.114     [Error  ] - EndTaskRequest(): Failed to open lock file, data source: Users : Login  : "Routing" ("GimpiesWeb")  (msgid "162025"), Program: "Main Program".
 <354173854047865664> 23/10/2025 21:43:23.492     [Error  ] - This session was closed by the server(-197). Application : GimpiesWeb
 <354173854047865664> 23/10/2025 21:43:23.678     [Error  ] - Failed to open lock file, data source: Users  >> Application: "C:\Projects\GimpiesWeb\", Program: "Routing.Login".
 <354173854047865664> 23/10/2025 21:43:23.680     [Error  ] - EndTaskRequest(): Failed to open lock file, data source: Users : Login  : "Routing" ("GimpiesWeb")  (msgid "162029"), Program: "Main Program".
 <455560560540728384> 23/10/2025 21:43:24.040     [Error  ] - This session was closed by the server(-197). Application : GimpiesWeb
 <455560560540728384> 23/10/2025 21:43:24.230     [Error  ] - Failed to open lock file, data source: Users  >> Application: "C:\Projects\GimpiesWeb\", Program: "Routing.Login".
 <455560560540728384> 23/10/2025 21:43:24.232     [Error  ] - EndTaskRequest(): Failed to open lock file, data source: Users : Login  : "Routing" ("GimpiesWeb")  (msgid "162033"), Program: "Main Program".
 <506127573800339136> 23/10/2025 21:43:24.578     [Error  ] - This session was closed by the server(-197). Application : GimpiesWeb
 <506127573800339136> 23/10/2025 21:43:24.755     [Error  ] - Failed to open lock file, data source: Users  >> Application: "C:\Projects\GimpiesWeb\", Program: "Routing.Login".
 <506127573800339136> 23/10/2025 21:43:24.757     [Error  ] - EndTaskRequest(): Failed to open lock file, data source: Users : Login  : "Routing" ("GimpiesWeb")  (msgid "162037"), Program: "Main Program".
 <241686321047125472> 23/10/2025 21:43:25.130     [Error  ] - This session was closed by the server(-197). Application : GimpiesWeb
 <241686321047125472> 23/10/2025 21:43:25.291     [Error  ] - Failed to open lock file, data source: Users  >> Application: "C:\Projects\GimpiesWeb\", Program: "Routing.Login".
 <241686321047125472> 23/10/2025 21:43:25.293     [Error  ] - EndTaskRequest(): Failed to open lock file, data source: Users : Login  : "Routing" ("GimpiesWeb")  (msgid "162041"), Program: "Main Program".
 <18505443724795452> 23/10/2025 21:43:25.643     [Error  ] - This session was closed by the server(-197). Application : GimpiesWeb
 <18505443724795452> 23/10/2025 21:43:25.812     [Error  ] - Failed to open lock file, data source: Users  >> Application: "C:\Projects\GimpiesWeb\", Program: "Routing.Login".
 <18505443724795452> 23/10/2025 21:43:25.814     [Error  ] - EndTaskRequest(): Failed to open lock file, data source: Users : Login  : "Routing" ("GimpiesWeb")  (msgid "162045"), Program: "Main Program".
 <394816932160888768> 23/10/2025 21:43:26.161     [Error  ] - This session was closed by the server(-197). Application : GimpiesWeb
 <394816932160888768> 23/10/2025 21:43:26.314     [Error  ] - Failed to open lock file, data source: Users  >> Application: "C:\Projects\GimpiesWeb\", Program: "Routing.Login".
 <394816932160888768> 23/10/2025 21:43:26.317     [Error  ] - EndTaskRequest(): Failed to open lock file, data source: Users : Login  : "Routing" ("GimpiesWeb")  (msgid "162049"), Program: "Main Program".
 <369282226844310848> 23/10/2025 21:43:26.687     [Error  ] - This session was closed by the server(-197). Application : GimpiesWeb
 <369282226844310848> 23/10/2025 21:43:26.909     [Error  ] - Failed to open lock file, data source: Users  >> Application: "C:\Projects\GimpiesWeb\", Program: "Routing.Login".
 <369282226844310848> 23/10/2025 21:43:26.912     [Error  ] - EndTaskRequest(): Failed to open lock file, data source: Users : Login  : "Routing" ("GimpiesWeb")  (msgid "162053"), Program: "Main Program".
 <475567716853393984> 23/10/2025 21:43:27.382     [Error  ] - This session was closed by the server(-197). Application : GimpiesWeb
 <475567716853393984> 23/10/2025 21:43:27.579     [Error  ] - Failed to open lock file, data source: Users  >> Application: "C:\Projects\GimpiesWeb\", Program: "Routing.Login".
 <475567716853393984> 23/10/2025 21:43:27.581     [Error  ] - EndTaskRequest(): Failed to open lock file, data source: Users : Login  : "Routing" ("GimpiesWeb")  (msgid "162057"), Program: "Main Program".
 <312282342293672000> 23/10/2025 21:43:27.972     [Error  ] - This session was closed by the server(-197). Application : GimpiesWeb
 <312282342293672000> 23/10/2025 21:43:28.144     [Error  ] - Failed to open lock file, data source: Users  >> Application: "C:\Projects\GimpiesWeb\", Program: "Routing.Login".
 <312282342293672000> 23/10/2025 21:43:28.146     [Error  ] - EndTaskRequest(): Failed to open lock file, data source: Users : Login  : "Routing" ("GimpiesWeb")  (msgid "162061"), Program: "Main Program".
 <500856507935712768> 23/10/2025 21:43:28.523     [Error  ] - This session was closed by the server(-197). Application : GimpiesWeb
 <500856507935712768> 23/10/2025 21:43:28.705     [Error  ] - Failed to open lock file, data source: Users  >> Application: "C:\Projects\GimpiesWeb\", Program: "Routing.Login".
 <500856507935712768> 23/10/2025 21:43:28.708     [Error  ] - EndTaskRequest(): Failed to open lock file, data source: Users : Login  : "Routing" ("GimpiesWeb")  (msgid "162065"), Program: "Main Program".
 <250297880128114528> 23/10/2025 21:43:29.114     [Error  ] - This session was closed by the server(-197). Application : GimpiesWeb
 <250297880128114528> 23/10/2025 21:43:29.317     [Error  ] - Failed to open lock file, data source: Users  >> Application: "C:\Projects\GimpiesWeb\", Program: "Routing.Login".
 <250297880128114528> 23/10/2025 21:43:29.320     [Error  ] - EndTaskRequest(): Failed to open lock file, data source: Users : Login  : "Routing" ("GimpiesWeb")  (msgid "162069"), Program: "Main Program".
 <325737336497650752> 23/10/2025 21:43:29.711     [Error  ] - This session was closed by the server(-197). Application : GimpiesWeb
 <325737336497650752> 23/10/2025 21:43:29.898     [Error  ] - Failed to open lock file, data source: Users  >> Application: "C:\Projects\GimpiesWeb\", Program: "Routing.Login".
 <325737336497650752> 23/10/2025 21:43:29.901     [Error  ] - EndTaskRequest(): Failed to open lock file, data source: Users : Login  : "Routing" ("GimpiesWeb")  (msgid "162073"), Program: "Main Program".
 <65433206360877504> 23/10/2025 21:43:30.340     [Error  ] - This session was closed by the server(-197). Application : GimpiesWeb
 <65433206360877504> 23/10/2025 21:43:30.546     [Error  ] - Failed to open lock file, data source: Users  >> Application: "C:\Projects\GimpiesWeb\", Program: "Routing.Login".
 <65433206360877504> 23/10/2025 21:43:30.549     [Error  ] - EndTaskRequest(): Failed to open lock file, data source: Users : Login  : "Routing" ("GimpiesWeb")  (msgid "162077"), Program: "Main Program".
 <527608652603563648> 23/10/2025 21:43:30.910     [Error  ] - This session was closed by the server(-197). Application : GimpiesWeb
 <527608652603563648> 23/10/2025 21:43:31.089     [Error  ] - Failed to open lock file, data source: Users  >> Application: "C:\Projects\GimpiesWeb\", Program: "Routing.Login".
 <527608652603563648> 23/10/2025 21:43:31.091     [Error  ] - EndTaskRequest(): Failed to open lock file, data source: Users : Login  : "Routing" ("GimpiesWeb")  (msgid "162081"), Program: "Main Program".
 <18640148621614848> 23/10/2025 21:43:31.525     [Error  ] - This session was closed by the server(-197). Application : GimpiesWeb
 <18640148621614848> 23/10/2025 21:43:31.681     [Error  ] - Failed to open lock file, data source: Users  >> Application: "C:\Projects\GimpiesWeb\", Program: "Routing.Login".
 <18640148621614848> 23/10/2025 21:43:31.684     [Error  ] - EndTaskRequest(): Failed to open lock file, data source: Users : Login  : "Routing" ("GimpiesWeb")  (msgid "162085"), Program: "Main Program".
 <307806223723648192> 23/10/2025 21:43:32.266     [Error  ] - This session was closed by the server(-197). Application : GimpiesWeb
 <307806223723648192> 23/10/2025 21:43:32.455     [Error  ] - Failed to open lock file, data source: Users  >> Application: "C:\Projects\GimpiesWeb\", Program: "Routing.Login".
 <307806223723648192> 23/10/2025 21:43:32.457     [Error  ] - EndTaskRequest(): Failed to open lock file, data source: Users : Login  : "Routing" ("GimpiesWeb")  (msgid "162089"), Program: "Main Program".
 <69064832986793808> 23/10/2025 21:43:33.002     [Error  ] - This session was closed by the server(-197). Application : GimpiesWeb
 <69064832986793808> 23/10/2025 21:43:33.235     [Error  ] - Failed to open lock file, data source: Users  >> Application: "C:\Projects\GimpiesWeb\", Program: "Routing.Login".
 <69064832986793808> 23/10/2025 21:43:33.237     [Error  ] - EndTaskRequest(): Failed to open lock file, data source: Users : Login  : "Routing" ("GimpiesWeb")  (msgid "162093"), Program: "Main Program".
 <475004238146827264> 23/10/2025 21:43:33.629     [Error  ] - This session was closed by the server(-197). Application : GimpiesWeb
 <475004238146827264> 23/10/2025 21:43:33.840     [Error  ] - Failed to open lock file, data source: Users  >> Application: "C:\Projects\GimpiesWeb\", Program: "Routing.Login".
 <475004238146827264> 23/10/2025 21:43:33.843     [Error  ] - EndTaskRequest(): Failed to open lock file, data source: Users : Login  : "Routing" ("GimpiesWeb")  (msgid "162097"), Program: "Main Program".
 <342939652224602624> 23/10/2025 21:43:34.217     [Error  ] - This session was closed by the server(-197). Application : GimpiesWeb
 <342939652224602624> 23/10/2025 21:43:34.370     [Error  ] - Failed to open lock file, data source: Users  >> Application: "C:\Projects\GimpiesWeb\", Program: "Routing.Login".
 <342939652224602624> 23/10/2025 21:43:34.372     [Error  ] - EndTaskRequest(): Failed to open lock file, data source: Users : Login  : "Routing" ("GimpiesWeb")  (msgid "162101"), Program: "Main Program".
 <467430677034712512> 23/10/2025 21:43:34.727     [Error  ] - This session was closed by the server(-197). Application : GimpiesWeb
 <467430677034712512> 23/10/2025 21:43:34.892     [Error  ] - Failed to open lock file, data source: Users  >> Application: "C:\Projects\GimpiesWeb\", Program: "Routing.Login".
 <467430677034712512> 23/10/2025 21:43:34.897     [Error  ] - EndTaskRequest(): Failed to open lock file, data source: Users : Login  : "Routing" ("GimpiesWeb")  (msgid "162105"), Program: "Main Program".
 <303135992019969280> 23/10/2025 21:43:35.298     [Error  ] - This session was closed by the server(-197). Application : GimpiesWeb
 <303135992019969280> 23/10/2025 21:43:35.487     [Error  ] - Failed to open lock file, data source: Users  >> Application: "C:\Projects\GimpiesWeb\", Program: "Routing.Login".
 <303135992019969280> 23/10/2025 21:43:35.489     [Error  ] - EndTaskRequest(): Failed to open lock file, data source: Users : Login  : "Routing" ("GimpiesWeb")  (msgid "162109"), Program: "Main Program".
 <214654263605606208> 23/10/2025 21:43:35.943     [Error  ] - This session was closed by the server(-197). Application : GimpiesWeb
 <214654263605606208> 23/10/2025 21:43:36.206     [Error  ] - Failed to open lock file, data source: Users  >> Application: "C:\Projects\GimpiesWeb\", Program: "Routing.Login".
 <214654263605606208> 23/10/2025 21:43:36.208     [Error  ] - EndTaskRequest(): Failed to open lock file, data source: Users : Login  : "Routing" ("GimpiesWeb")  (msgid "162113"), Program: "Main Program".
 <88769330414154608> 23/10/2025 21:43:36.605     [Error  ] - This session was closed by the server(-197). Application : GimpiesWeb
 <88769330414154608> 23/10/2025 21:43:36.786     [Error  ] - Failed to open lock file, data source: Users  >> Application: "C:\Projects\GimpiesWeb\", Program: "Routing.Login".
 <88769330414154608> 23/10/2025 21:43:36.788     [Error  ] - EndTaskRequest(): Failed to open lock file, data source: Users : Login  : "Routing" ("GimpiesWeb")  (msgid "162117"), Program: "Main Program".
 <275707432966912704> 23/10/2025 21:43:37.217     [Error  ] - This session was closed by the server(-197). Application : GimpiesWeb
 <275707432966912704> 23/10/2025 21:43:37.445     [Error  ] - Failed to open lock file, data source: Users  >> Application: "C:\Projects\GimpiesWeb\", Program: "Routing.Login".
 <275707432966912704> 23/10/2025 21:43:37.448     [Error  ] - EndTaskRequest(): Failed to open lock file, data source: Users : Login  : "Routing" ("GimpiesWeb")  (msgid "162121"), Program: "Main Program".
 <111044945611423152> 23/10/2025 21:43:38.027     [Error  ] - This session was closed by the server(-197). Application : GimpiesWeb
 <111044945611423152> 23/10/2025 21:43:38.189     [Error  ] - Failed to open lock file, data source: Users  >> Application: "C:\Projects\GimpiesWeb\", Program: "Routing.Login".
 <111044945611423152> 23/10/2025 21:43:38.193     [Error  ] - EndTaskRequest(): Failed to open lock file, data source: Users : Login  : "Routing" ("GimpiesWeb")  (msgid "162125"), Program: "Main Program".
 <243087155867616608> 23/10/2025 21:43:38.554     [Error  ] - This session was closed by the server(-197). Application : GimpiesWeb
 <243087155867616608> 23/10/2025 21:43:38.745     [Error  ] - Failed to open lock file, data source: Users  >> Application: "C:\Projects\GimpiesWeb\", Program: "Routing.Login".
 <243087155867616608> 23/10/2025 21:43:38.748     [Error  ] - EndTaskRequest(): Failed to open lock file, data source: Users : Login  : "Routing" ("GimpiesWeb")  (msgid "162129"), Program: "Main Program".
 <385598774047982592> 23/10/2025 21:43:39.131     [Error  ] - This session was closed by the server(-197). Application : GimpiesWeb
 <385598774047982592> 23/10/2025 21:43:39.293     [Error  ] - Failed to open lock file, data source: Users  >> Application: "C:\Projects\GimpiesWeb\", Program: "Routing.Login".
 <385598774047982592> 23/10/2025 21:43:39.295     [Error  ] - EndTaskRequest(): Failed to open lock file, data source: Users : Login  : "Routing" ("GimpiesWeb")  (msgid "162133"), Program: "Main Program".
 <254202122632476096> 23/10/2025 21:43:39.674     [Error  ] - This session was closed by the server(-197). Application : GimpiesWeb
 <254202122632476096> 23/10/2025 21:43:39.834     [Error  ] - Failed to open lock file, data source: Users  >> Application: "C:\Projects\GimpiesWeb\", Program: "Routing.Login".
 <254202122632476096> 23/10/2025 21:43:39.837     [Error  ] - EndTaskRequest(): Failed to open lock file, data source: Users : Login  : "Routing" ("GimpiesWeb")  (msgid "162137"), Program: "Main Program".
 <299845970442415552> 23/10/2025 21:43:40.222     [Error  ] - This session was closed by the server(-197). Application : GimpiesWeb
 <299845970442415552> 23/10/2025 21:43:40.404     [Error  ] - Failed to open lock file, data source: Users  >> Application: "C:\Projects\GimpiesWeb\", Program: "Routing.Login".
 <299845970442415552> 23/10/2025 21:43:40.406     [Error  ] - EndTaskRequest(): Failed to open lock file, data source: Users : Login  : "Routing" ("GimpiesWeb")  (msgid "162141"), Program: "Main Program".
 <410655343436373184> 23/10/2025 21:43:40.808     [Error  ] - This session was closed by the server(-197). Application : GimpiesWeb
 <410655343436373184> 23/10/2025 21:43:40.974     [Error  ] - Failed to open lock file, data source: Users  >> Application: "C:\Projects\GimpiesWeb\", Program: "Routing.Login".
 <410655343436373184> 23/10/2025 21:43:40.976     [Error  ] - EndTaskRequest(): Failed to open lock file, data source: Users : Login  : "Routing" ("GimpiesWeb")  (msgid "162145"), Program: "Main Program".
 <556312397950181312> 23/10/2025 21:43:41.471     [Error  ] - This session was closed by the server(-197). Application : GimpiesWeb
 <556312397950181312> 23/10/2025 21:43:41.684     [Error  ] - Failed to open lock file, data source: Users  >> Application: "C:\Projects\GimpiesWeb\", Program: "Routing.Login".
 <556312397950181312> 23/10/2025 21:43:41.687     [Error  ] - EndTaskRequest(): Failed to open lock file, data source: Users : Login  : "Routing" ("GimpiesWeb")  (msgid "162149"), Program: "Main Program".
 <92787637036521200> 23/10/2025 21:43:42.067     [Error  ] - This session was closed by the server(-197). Application : GimpiesWeb
 <92787637036521200> 23/10/2025 21:43:42.257     [Error  ] - Failed to open lock file, data source: Users  >> Application: "C:\Projects\GimpiesWeb\", Program: "Routing.Login".
 <92787637036521200> 23/10/2025 21:43:42.259     [Error  ] - EndTaskRequest(): Failed to open lock file, data source: Users : Login  : "Routing" ("GimpiesWeb")  (msgid "162153"), Program: "Main Program".
 <254809705976035168> 23/10/2025 21:43:42.671     [Error  ] - This session was closed by the server(-197). Application : GimpiesWeb
 <254809705976035168> 23/10/2025 21:43:42.846     [Error  ] - Failed to open lock file, data source: Users  >> Application: "C:\Projects\GimpiesWeb\", Program: "Routing.Login".
 <254809705976035168> 23/10/2025 21:43:42.849     [Error  ] - EndTaskRequest(): Failed to open lock file, data source: Users : Login  : "Routing" ("GimpiesWeb")  (msgid "162157"), Program: "Main Program".
 <551771098240606656> 23/10/2025 21:43:43.229     [Error  ] - This session was closed by the server(-197). Application : GimpiesWeb
 <551771098240606656> 23/10/2025 21:43:43.431     [Error  ] - Failed to open lock file, data source: Users  >> Application: "C:\Projects\GimpiesWeb\", Program: "Routing.Login".
 <551771098240606656> 23/10/2025 21:43:43.434     [Error  ] - EndTaskRequest(): Failed to open lock file, data source: Users : Login  : "Routing" ("GimpiesWeb")  (msgid "162161"), Program: "Main Program".
 <428869709827637440> 23/10/2025 21:43:43.868     [Error  ] - This session was closed by the server(-197). Application : GimpiesWeb
 <428869709827637440> 23/10/2025 21:43:44.050     [Error  ] - Failed to open lock file, data source: Users  >> Application: "C:\Projects\GimpiesWeb\", Program: "Routing.Login".
 <428869709827637440> 23/10/2025 21:43:44.052     [Error  ] - EndTaskRequest(): Failed to open lock file, data source: Users : Login  : "Routing" ("GimpiesWeb")  (msgid "162165"), Program: "Main Program".
 <464745256319229632> 23/10/2025 21:43:44.467     [Error  ] - This session was closed by the server(-197). Application : GimpiesWeb
 <464745256319229632> 23/10/2025 21:43:44.641     [Error  ] - Failed to open lock file, data source: Users  >> Application: "C:\Projects\GimpiesWeb\", Program: "Routing.Login".
 <464745256319229632> 23/10/2025 21:43:44.644     [Error  ] - EndTaskRequest(): Failed to open lock file, data source: Users : Login  : "Routing" ("GimpiesWeb")  (msgid "162169"), Program: "Main Program".
 <382642885536707776> 23/10/2025 21:43:45.167     [Error  ] - This session was closed by the server(-197). Application : GimpiesWeb
 <382642885536707776> 23/10/2025 21:43:45.338     [Error  ] - Failed to open lock file, data source: Users  >> Application: "C:\Projects\GimpiesWeb\", Program: "Routing.Login".
 <382642885536707776> 23/10/2025 21:43:45.341     [Error  ] - EndTaskRequest(): Failed to open lock file, data source: Users : Login  : "Routing" ("GimpiesWeb")  (msgid "162173"), Program: "Main Program".
 <553991127243893312> 23/10/2025 21:43:45.767     [Error  ] - This session was closed by the server(-197). Application : GimpiesWeb
 <553991127243893312> 23/10/2025 21:43:45.967     [Error  ] - Failed to open lock file, data source: Users  >> Application: "C:\Projects\GimpiesWeb\", Program: "Routing.Login".
 <553991127243893312> 23/10/2025 21:43:45.971     [Error  ] - EndTaskRequest(): Failed to open lock file, data source: Users : Login  : "Routing" ("GimpiesWeb")  (msgid "162177"), Program: "Main Program".
 <313874504255480448> 23/10/2025 21:43:46.424     [Error  ] - This session was closed by the server(-197). Application : GimpiesWeb
 <313874504255480448> 23/10/2025 21:43:46.655     [Error  ] - Failed to open lock file, data source: Users  >> Application: "C:\Projects\GimpiesWeb\", Program: "Routing.Login".
 <313874504255480448> 23/10/2025 21:43:46.657     [Error  ] - EndTaskRequest(): Failed to open lock file, data source: Users : Login  : "Routing" ("GimpiesWeb")  (msgid "162181"), Program: "Main Program".
 <269100755571773152> 23/10/2025 21:43:47.031     [Error  ] - This session was closed by the server(-197). Application : GimpiesWeb
 <269100755571773152> 23/10/2025 21:43:47.190     [Error  ] - Failed to open lock file, data source: Users  >> Application: "C:\Projects\GimpiesWeb\", Program: "Routing.Login".
 <269100755571773152> 23/10/2025 21:43:47.193     [Error  ] - EndTaskRequest(): Failed to open lock file, data source: Users : Login  : "Routing" ("GimpiesWeb")  (msgid "162185"), Program: "Main Program".
 <237851262125121760> 23/10/2025 21:43:47.531     [Error  ] - This session was closed by the server(-197). Application : GimpiesWeb
 <237851262125121760> 23/10/2025 21:43:47.683     [Error  ] - Failed to open lock file, data source: Users  >> Application: "C:\Projects\GimpiesWeb\", Program: "Routing.Login".
 <237851262125121760> 23/10/2025 21:43:47.685     [Error  ] - EndTaskRequest(): Failed to open lock file, data source: Users : Login  : "Routing" ("GimpiesWeb")  (msgid "162189"), Program: "Main Program".
 <255430378962179712> 23/10/2025 21:43:48.045     [Error  ] - This session was closed by the server(-197). Application : GimpiesWeb
 <255430378962179712> 23/10/2025 21:43:48.206     [Error  ] - Failed to open lock file, data source: Users  >> Application: "C:\Projects\GimpiesWeb\", Program: "Routing.Login".
 <255430378962179712> 23/10/2025 21:43:48.210     [Error  ] - EndTaskRequest(): Failed to open lock file, data source: Users : Login  : "Routing" ("GimpiesWeb")  (msgid "162193"), Program: "Main Program".
 <4860066348830375> 23/10/2025 21:43:48.608     [Error  ] - This session was closed by the server(-197). Application : GimpiesWeb
 <4860066348830375> 23/10/2025 21:43:48.792     [Error  ] - Failed to open lock file, data source: Users  >> Application: "C:\Projects\GimpiesWeb\", Program: "Routing.Login".
 <4860066348830375> 23/10/2025 21:43:48.794     [Error  ] - EndTaskRequest(): Failed to open lock file, data source: Users : Login  : "Routing" ("GimpiesWeb")  (msgid "162197"), Program: "Main Program".
 <146393307411897824> 23/10/2025 21:43:49.182     [Error  ] - This session was closed by the server(-197). Application : GimpiesWeb
 <146393307411897824> 23/10/2025 21:43:49.358     [Error  ] - Failed to open lock file, data source: Users  >> Application: "C:\Projects\GimpiesWeb\", Program: "Routing.Login".
 <146393307411897824> 23/10/2025 21:43:49.361     [Error  ] - EndTaskRequest(): Failed to open lock file, data source: Users : Login  : "Routing" ("GimpiesWeb")  (msgid "162201"), Program: "Main Program".
 <272576132626880544> 23/10/2025 21:43:49.834     [Error  ] - This session was closed by the server(-197). Application : GimpiesWeb
 <272576132626880544> 23/10/2025 21:43:50.028     [Error  ] - Failed to open lock file, data source: Users  >> Application: "C:\Projects\GimpiesWeb\", Program: "Routing.Login".
 <272576132626880544> 23/10/2025 21:43:50.030     [Error  ] - EndTaskRequest(): Failed to open lock file, data source: Users : Login  : "Routing" ("GimpiesWeb")  (msgid "162205"), Program: "Main Program".
 <214387091791912032> 23/10/2025 21:43:50.457     [Error  ] - This session was closed by the server(-197). Application : GimpiesWeb
 <214387091791912032> 23/10/2025 21:43:50.655     [Error  ] - Failed to open lock file, data source: Users  >> Application: "C:\Projects\GimpiesWeb\", Program: "Routing.Login".
 <214387091791912032> 23/10/2025 21:43:50.659     [Error  ] - EndTaskRequest(): Failed to open lock file, data source: Users : Login  : "Routing" ("GimpiesWeb")  (msgid "162209"), Program: "Main Program".
 <17248387494491424> 23/10/2025 21:43:51.081     [Error  ] - This session was closed by the server(-197). Application : GimpiesWeb
 <17248387494491424> 23/10/2025 21:43:51.295     [Error  ] - Failed to open lock file, data source: Users  >> Application: "C:\Projects\GimpiesWeb\", Program: "Routing.Login".
 <17248387494491424> 23/10/2025 21:43:51.298     [Error  ] - EndTaskRequest(): Failed to open lock file, data source: Users : Login  : "Routing" ("GimpiesWeb")  (msgid "162213"), Program: "Main Program".
 <218780921100752320> 23/10/2025 21:43:51.827     [Error  ] - This session was closed by the server(-197). Application : GimpiesWeb
 <218780921100752320> 23/10/2025 21:43:52.056     [Error  ] - Failed to open lock file, data source: Users  >> Application: "C:\Projects\GimpiesWeb\", Program: "Routing.Login".
 <218780921100752320> 23/10/2025 21:43:52.058     [Error  ] - EndTaskRequest(): Failed to open lock file, data source: Users : Login  : "Routing" ("GimpiesWeb")  (msgid "162217"), Program: "Main Program".
 <405566424730759296> 23/10/2025 21:43:52.559     [Error  ] - This session was closed by the server(-197). Application : GimpiesWeb
 <405566424730759296> 23/10/2025 21:43:52.724     [Error  ] - Failed to open lock file, data source: Users  >> Application: "C:\Projects\GimpiesWeb\", Program: "Routing.Login".
 <405566424730759296> 23/10/2025 21:43:52.728     [Error  ] - EndTaskRequest(): Failed to open lock file, data source: Users : Login  : "Routing" ("GimpiesWeb")  (msgid "162221"), Program: "Main Program".
 <191528343048353120> 23/10/2025 21:43:53.106     [Error  ] - This session was closed by the server(-197). Application : GimpiesWeb
 <191528343048353120> 23/10/2025 21:43:53.287     [Error  ] - Failed to open lock file, data source: Users  >> Application: "C:\Projects\GimpiesWeb\", Program: "Routing.Login".
 <191528343048353120> 23/10/2025 21:43:53.289     [Error  ] - EndTaskRequest(): Failed to open lock file, data source: Users : Login  : "Routing" ("GimpiesWeb")  (msgid "162225"), Program: "Main Program".
 <336264236999321088> 23/10/2025 21:43:53.677     [Error  ] - This session was closed by the server(-197). Application : GimpiesWeb
 <336264236999321088> 23/10/2025 21:43:53.852     [Error  ] - Failed to open lock file, data source: Users  >> Application: "C:\Projects\GimpiesWeb\", Program: "Routing.Login".
 <336264236999321088> 23/10/2025 21:43:53.854     [Error  ] - EndTaskRequest(): Failed to open lock file, data source: Users : Login  : "Routing" ("GimpiesWeb")  (msgid "162229"), Program: "Main Program".
 <450650488634079936> 23/10/2025 21:43:54.239     [Error  ] - This session was closed by the server(-197). Application : GimpiesWeb
 <450650488634079936> 23/10/2025 21:43:54.422     [Error  ] - Failed to open lock file, data source: Users  >> Application: "C:\Projects\GimpiesWeb\", Program: "Routing.Login".
 <450650488634079936> 23/10/2025 21:43:54.424     [Error  ] - EndTaskRequest(): Failed to open lock file, data source: Users : Login  : "Routing" ("GimpiesWeb")  (msgid "162233"), Program: "Main Program".
 <317996358820163072> 23/10/2025 21:43:54.804     [Error  ] - This session was closed by the server(-197). Application : GimpiesWeb
 <317996358820163072> 23/10/2025 21:43:54.981     [Error  ] - Failed to open lock file, data source: Users  >> Application: "C:\Projects\GimpiesWeb\", Program: "Routing.Login".
 <317996358820163072> 23/10/2025 21:43:54.983     [Error  ] - EndTaskRequest(): Failed to open lock file, data source: Users : Login  : "Routing" ("GimpiesWeb")  (msgid "162237"), Program: "Main Program".
 <548646043740261632> 23/10/2025 21:43:55.352     [Error  ] - This session was closed by the server(-197). Application : GimpiesWeb
 <548646043740261632> 23/10/2025 21:43:55.518     [Error  ] - Failed to open lock file, data source: Users  >> Application: "C:\Projects\GimpiesWeb\", Program: "Routing.Login".
 <548646043740261632> 23/10/2025 21:43:55.521     [Error  ] - EndTaskRequest(): Failed to open lock file, data source: Users : Login  : "Routing" ("GimpiesWeb")  (msgid "162241"), Program: "Main Program".
 <101408501149267520> 23/10/2025 21:43:55.963     [Error  ] - This session was closed by the server(-197). Application : GimpiesWeb
 <101408501149267520> 23/10/2025 21:43:56.190     [Error  ] - Failed to open lock file, data source: Users  >> Application: "C:\Projects\GimpiesWeb\", Program: "Routing.Login".
 <101408501149267520> 23/10/2025 21:43:56.194     [Error  ] - EndTaskRequest(): Failed to open lock file, data source: Users : Login  : "Routing" ("GimpiesWeb")  (msgid "162245"), Program: "Main Program".
 <415589844244483200> 23/10/2025 21:43:56.747     [Error  ] - This session was closed by the server(-197). Application : GimpiesWeb
 <415589844244483200> 23/10/2025 21:43:56.928     [Error  ] - Failed to open lock file, data source: Users  >> Application: "C:\Projects\GimpiesWeb\", Program: "Routing.Login".
 <415589844244483200> 23/10/2025 21:43:56.932     [Error  ] - EndTaskRequest(): Failed to open lock file, data source: Users : Login  : "Routing" ("GimpiesWeb")  (msgid "162249"), Program: "Main Program".
 <286403773656024800> 23/10/2025 21:43:57.380     [Error  ] - This session was closed by the server(-197). Application : GimpiesWeb
 <286403773656024800> 23/10/2025 21:43:57.569     [Error  ] - Failed to open lock file, data source: Users  >> Application: "C:\Projects\GimpiesWeb\", Program: "Routing.Login".
 <286403773656024800> 23/10/2025 21:43:57.572     [Error  ] - EndTaskRequest(): Failed to open lock file, data source: Users : Login  : "Routing" ("GimpiesWeb")  (msgid "162253"), Program: "Main Program".
 <158662745690246528> 23/10/2025 21:43:58.017     [Error  ] - This session was closed by the server(-197). Application : GimpiesWeb
 <158662745690246528> 23/10/2025 21:43:58.202     [Error  ] - Failed to open lock file, data source: Users  >> Application: "C:\Projects\GimpiesWeb\", Program: "Routing.Login".
 <158662745690246528> 23/10/2025 21:43:58.204     [Error  ] - EndTaskRequest(): Failed to open lock file, data source: Users : Login  : "Routing" ("GimpiesWeb")  (msgid "162257"), Program: "Main Program".
 <463105281173530624> 23/10/2025 21:43:58.589     [Error  ] - This session was closed by the server(-197). Application : GimpiesWeb
 <463105281173530624> 23/10/2025 21:43:58.767     [Error  ] - Failed to open lock file, data source: Users  >> Application: "C:\Projects\GimpiesWeb\", Program: "Routing.Login".
 <463105281173530624> 23/10/2025 21:43:58.770     [Error  ] - EndTaskRequest(): Failed to open lock file, data source: Users : Login  : "Routing" ("GimpiesWeb")  (msgid "162261"), Program: "Main Program".
 <229475826615091264> 23/10/2025 21:43:59.107     [Error  ] - This session was closed by the server(-197). Application : GimpiesWeb
 <229475826615091264> 23/10/2025 21:43:59.279     [Error  ] - Failed to open lock file, data source: Users  >> Application: "C:\Projects\GimpiesWeb\", Program: "Routing.Login".
 <229475826615091264> 23/10/2025 21:43:59.281     [Error  ] - EndTaskRequest(): Failed to open lock file, data source: Users : Login  : "Routing" ("GimpiesWeb")  (msgid "162265"), Program: "Main Program".
 <500492392622323584> 23/10/2025 21:43:59.641     [Error  ] - This session was closed by the server(-197). Application : GimpiesWeb
 <500492392622323584> 23/10/2025 21:43:59.833     [Error  ] - Failed to open lock file, data source: Users  >> Application: "C:\Projects\GimpiesWeb\", Program: "Routing.Login".
 <500492392622323584> 23/10/2025 21:43:59.835     [Error  ] - EndTaskRequest(): Failed to open lock file, data source: Users : Login  : "Routing" ("GimpiesWeb")  (msgid "162269"), Program: "Main Program".
 <423108987457572224> 23/10/2025 21:44:00.242     [Error  ] - This session was closed by the server(-197). Application : GimpiesWeb
 <423108987457572224> 23/10/2025 21:44:00.399     [Error  ] - Failed to open lock file, data source: Users  >> Application: "C:\Projects\GimpiesWeb\", Program: "Routing.Login".
 <423108987457572224> 23/10/2025 21:44:00.401     [Error  ] - EndTaskRequest(): Failed to open lock file, data source: Users : Login  : "Routing" ("GimpiesWeb")  (msgid "162273"), Program: "Main Program".
 <394880796210527232> 23/10/2025 21:44:00.880     [Error  ] - This session was closed by the server(-197). Application : GimpiesWeb
 <394880796210527232> 23/10/2025 21:44:01.044     [Error  ] - Failed to open lock file, data source: Users  >> Application: "C:\Projects\GimpiesWeb\", Program: "Routing.Login".
 <394880796210527232> 23/10/2025 21:44:01.046     [Error  ] - EndTaskRequest(): Failed to open lock file, data source: Users : Login  : "Routing" ("GimpiesWeb")  (msgid "162277"), Program: "Main Program".
 <125680392947610944> 23/10/2025 21:44:01.395     [Error  ] - This session was closed by the server(-197). Application : GimpiesWeb
 <125680392947610944> 23/10/2025 21:44:01.578     [Error  ] - Failed to open lock file, data source: Users  >> Application: "C:\Projects\GimpiesWeb\", Program: "Routing.Login".
 <125680392947610944> 23/10/2025 21:44:01.580     [Error  ] - EndTaskRequest(): Failed to open lock file, data source: Users : Login  : "Routing" ("GimpiesWeb")  (msgid "162281"), Program: "Main Program".
 <408671372086730112> 23/10/2025 21:44:01.954     [Error  ] - This session was closed by the server(-197). Application : GimpiesWeb
 <408671372086730112> 23/10/2025 21:44:02.131     [Error  ] - Failed to open lock file, data source: Users  >> Application: "C:\Projects\GimpiesWeb\", Program: "Routing.Login".
 <408671372086730112> 23/10/2025 21:44:02.133     [Error  ] - EndTaskRequest(): Failed to open lock file, data source: Users : Login  : "Routing" ("GimpiesWeb")  (msgid "162285"), Program: "Main Program".
 <311821735487426176> 23/10/2025 21:44:02.509     [Error  ] - This session was closed by the server(-197). Application : GimpiesWeb
 <311821735487426176> 23/10/2025 21:44:02.741     [Error  ] - Failed to open lock file, data source: Users  >> Application: "C:\Projects\GimpiesWeb\", Program: "Routing.Login".
 <311821735487426176> 23/10/2025 21:44:02.744     [Error  ] - EndTaskRequest(): Failed to open lock file, data source: Users : Login  : "Routing" ("GimpiesWeb")  (msgid "162289"), Program: "Main Program".
 <231246676014840608> 23/10/2025 21:44:03.263     [Error  ] - This session was closed by the server(-197). Application : GimpiesWeb
 <231246676014840608> 23/10/2025 21:44:03.437     [Error  ] - Failed to open lock file, data source: Users  >> Application: "C:\Projects\GimpiesWeb\", Program: "Routing.Login".
 <231246676014840608> 23/10/2025 21:44:03.439     [Error  ] - EndTaskRequest(): Failed to open lock file, data source: Users : Login  : "Routing" ("GimpiesWeb")  (msgid "162293"), Program: "Main Program".
 <81050997372154480> 23/10/2025 21:44:03.813     [Error  ] - This session was closed by the server(-197). Application : GimpiesWeb
 <81050997372154480> 23/10/2025 21:44:03.964     [Error  ] - Failed to open lock file, data source: Users  >> Application: "C:\Projects\GimpiesWeb\", Program: "Routing.Login".
 <81050997372154480> 23/10/2025 21:44:03.966     [Error  ] - EndTaskRequest(): Failed to open lock file, data source: Users : Login  : "Routing" ("GimpiesWeb")  (msgid "162297"), Program: "Main Program".
 <246920876554467968> 23/10/2025 21:44:04.364     [Error  ] - This session was closed by the server(-197). Application : GimpiesWeb
 <246920876554467968> 23/10/2025 21:44:04.626     [Error  ] - Failed to open lock file, data source: Users  >> Application: "C:\Projects\GimpiesWeb\", Program: "Routing.Login".
 <246920876554467968> 23/10/2025 21:44:04.628     [Error  ] - EndTaskRequest(): Failed to open lock file, data source: Users : Login  : "Routing" ("GimpiesWeb")  (msgid "162301"), Program: "Main Program".
 <400269664730595968> 23/10/2025 21:44:04.976     [Error  ] - This session was closed by the server(-197). Application : GimpiesWeb
 <400269664730595968> 23/10/2025 21:44:05.169     [Error  ] - Failed to open lock file, data source: Users  >> Application: "C:\Projects\GimpiesWeb\", Program: "Routing.Login".
 <400269664730595968> 23/10/2025 21:44:05.171     [Error  ] - EndTaskRequest(): Failed to open lock file, data source: Users : Login  : "Routing" ("GimpiesWeb")  (msgid "162305"), Program: "Main Program".
 <245608763543143392> 23/10/2025 21:44:05.683     [Error  ] - This session was closed by the server(-197). Application : GimpiesWeb
 <245608763543143392> 23/10/2025 21:44:05.866     [Error  ] - Failed to open lock file, data source: Users  >> Application: "C:\Projects\GimpiesWeb\", Program: "Routing.Login".
 <245608763543143392> 23/10/2025 21:44:05.869     [Error  ] - EndTaskRequest(): Failed to open lock file, data source: Users : Login  : "Routing" ("GimpiesWeb")  (msgid "162309"), Program: "Main Program".
 <129092019762087248> 23/10/2025 21:44:06.261     [Error  ] - This session was closed by the server(-197). Application : GimpiesWeb
 <129092019762087248> 23/10/2025 21:44:06.451     [Error  ] - Failed to open lock file, data source: Users  >> Application: "C:\Projects\GimpiesWeb\", Program: "Routing.Login".
 <129092019762087248> 23/10/2025 21:44:06.454     [Error  ] - EndTaskRequest(): Failed to open lock file, data source: Users : Login  : "Routing" ("GimpiesWeb")  (msgid "162313"), Program: "Main Program".
 <412300949077689728> 23/10/2025 21:44:06.851     [Error  ] - This session was closed by the server(-197). Application : GimpiesWeb
 <412300949077689728> 23/10/2025 21:44:07.049     [Error  ] - Failed to open lock file, data source: Users  >> Application: "C:\Projects\GimpiesWeb\", Program: "Routing.Login".
 <412300949077689728> 23/10/2025 21:44:07.052     [Error  ] - EndTaskRequest(): Failed to open lock file, data source: Users : Login  : "Routing" ("GimpiesWeb")  (msgid "162317"), Program: "Main Program".
 <216684202190529312> 23/10/2025 21:44:07.434     [Error  ] - This session was closed by the server(-197). Application : GimpiesWeb
 <216684202190529312> 23/10/2025 21:44:07.650     [Error  ] - Failed to open lock file, data source: Users  >> Application: "C:\Projects\GimpiesWeb\", Program: "Routing.Login".
 <216684202190529312> 23/10/2025 21:44:07.652     [Error  ] - EndTaskRequest(): Failed to open lock file, data source: Users : Login  : "Routing" ("GimpiesWeb")  (msgid "162321"), Program: "Main Program".
 <522483629929209920> 23/10/2025 21:44:08.090     [Error  ] - This session was closed by the server(-197). Application : GimpiesWeb
 <522483629929209920> 23/10/2025 21:44:08.280     [Error  ] - Failed to open lock file, data source: Users  >> Application: "C:\Projects\GimpiesWeb\", Program: "Routing.Login".
 <522483629929209920> 23/10/2025 21:44:08.283     [Error  ] - EndTaskRequest(): Failed to open lock file, data source: Users : Login  : "Routing" ("GimpiesWeb")  (msgid "162325"), Program: "Main Program".
 <183088875674531712> 23/10/2025 21:44:08.648     [Error  ] - This session was closed by the server(-197). Application : GimpiesWeb
 <183088875674531712> 23/10/2025 21:44:08.845     [Error  ] - Failed to open lock file, data source: Users  >> Application: "C:\Projects\GimpiesWeb\", Program: "Routing.Login".
 <183088875674531712> 23/10/2025 21:44:08.848     [Error  ] - EndTaskRequest(): Failed to open lock file, data source: Users : Login  : "Routing" ("GimpiesWeb")  (msgid "162329"), Program: "Main Program".
 <205854324522440224> 23/10/2025 21:44:09.242     [Error  ] - This session was closed by the server(-197). Application : GimpiesWeb
 <205854324522440224> 23/10/2025 21:44:09.425     [Error  ] - Failed to open lock file, data source: Users  >> Application: "C:\Projects\GimpiesWeb\", Program: "Routing.Login".
 <205854324522440224> 23/10/2025 21:44:09.428     [Error  ] - EndTaskRequest(): Failed to open lock file, data source: Users : Login  : "Routing" ("GimpiesWeb")  (msgid "162333"), Program: "Main Program".
 <497704247310928640> 23/10/2025 21:44:09.821     [Error  ] - This session was closed by the server(-197). Application : GimpiesWeb
 <497704247310928640> 23/10/2025 21:44:10.024     [Error  ] - Failed to open lock file, data source: Users  >> Application: "C:\Projects\GimpiesWeb\", Program: "Routing.Login".
 <497704247310928640> 23/10/2025 21:44:10.027     [Error  ] - EndTaskRequest(): Failed to open lock file, data source: Users : Login  : "Routing" ("GimpiesWeb")  (msgid "162337"), Program: "Main Program".
 <156002619842127808> 23/10/2025 21:44:10.390     [Error  ] - This session was closed by the server(-197). Application : GimpiesWeb
 <156002619842127808> 23/10/2025 21:44:10.678     [Error  ] - Failed to open lock file, data source: Users  >> Application: "C:\Projects\GimpiesWeb\", Program: "Routing.Login".
 <156002619842127808> 23/10/2025 21:44:10.681     [Error  ] - EndTaskRequest(): Failed to open lock file, data source: Users : Login  : "Routing" ("GimpiesWeb")  (msgid "162341"), Program: "Main Program".
 <86714508783905568> 23/10/2025 21:44:11.067     [Error  ] - This session was closed by the server(-197). Application : GimpiesWeb
 <86714508783905568> 23/10/2025 21:44:11.243     [Error  ] - Failed to open lock file, data source: Users  >> Application: "C:\Projects\GimpiesWeb\", Program: "Routing.Login".
 <86714508783905568> 23/10/2025 21:44:11.246     [Error  ] - EndTaskRequest(): Failed to open lock file, data source: Users : Login  : "Routing" ("GimpiesWeb")  (msgid "162345"), Program: "Main Program".
